g 0 
g 0 
g 0 
g 0 
g 0 
g 0 
g 0 
g 0 
g 0 
g 0 
g 0 
g 0 
g 0 
g 0 
g 0 
g 0 
g 0 
g 0 
g 0 
g 0 
g 0 
g 0 
g 0 
g 0 
g 0 
g 0 
g 0 
g 0 
g 0 
g 0 
g 0 
g 0 
g 0 
g 0 
g 0 
g 0 
g 0 
g 0 
g 0 
g 0 
g 0 
g 0 
g 0 
g 0 
g 0 
g 0 
g 0 
g 0 
g 0 
g 0 
g 0 
g 0 
g 0 
g 0 
g 0 
g 0 
g 0 
g 0 
g 0 
g 0 
g 0 
g 0 
g 0 
g 0 
g 0 
g 0 
g 0 
g 0 
g 0 
g 0 
g 0 
g 0 
g 0 
g 0 
g 0 
g 0 
g 0 
g 0 
g 0 
g 0 
g 0 
g 0 
g 0 
g 0 
g 0 
g 0 
g 0 
g 0 
g 0 
g 0 
g 0 
g 0 
g 0 
g 0 
g 0 
g 0 
g 0 
g 0 
g 0 
g 0 
g 0 
g 0 
g 0 
g 0 
g 0 
g 0 
g 0 
g 0 
g 0 
g 0 
g 0 
g 0 
g 0 
g 0 
g 0 
g 0 
g 0 
g 0 
g 0 
g 0 
g 0 
g 0 
g 0 
g 0 
g 0 
g 0 
g 0 
g 0 
g 0 
g 0 
g 0 
g 0 
g 0 
g 0 
g 0 
g 0 
g 0 
g 0 
g 0 
g 0 
g 0 
g 0 
g 0 
g 0 
g 0 
g 0 
g 0 
g 0 
g 0 
g 0 
g 0 
g 0 
g 0 
g 0 
g 0 
g 0 
g 0 
g 0 
g 0 
g 0 
g 0 

g 0 
g 0 
g 0 
g 0 
g 0 
g 0 
g 0 
g 0 
g 0 
g 0 o 2 0 0 0 
g 0 o 2 0 0 1 
g 0 o 2 1 0 1 o 2 2 0 1 o 2 3 0 1 o 2 4 0 1 
g 0 
g 0 
g 0 
g 0 
g 0 
g 0 
g 0 
g 0 
g 0 
g 0 
g 0 
g 0 
g 0 
g 0 
g 0 
g 0 
g 0 
g 0 
g 0 
g 0 
g 0 
g 0 
g 0 
g 0 
g 0 
g 0 
g 0 
g 0 
g 0 
g 0 
g 0 
g 0 
g 0 
g 0 
g 0 
g 0 
g 0 
g 0 
g 0 
g 0 
g 0 
g 0 
g 0 
g 0 
g 0 
g 0 
g 0 
g 0 
g 0 
g 0 
g 0 
g 0 
g 0 
g 0 
g 0 
g 0 
g 0 
g 0 
g 0 
g 0 
g 0 
g 0 
g 0 
g 0 
g 0 
g 0 
g 0 
g 0 
g 0 
g 0 
g 0 
g 0 
g 0 
g 0 
g 0 
g 0 
g 0 
g 0 
g 0 
g 0 
g 0 
g 0 
g 0 
g 0 
g 0 
g 0 
g 0 
g 0 
g 0 
g 0 
g 0 
g 0 
g 0 
g 0 
g 0 
g 0 
g 0 
g 0 
g 0 
g 0 
g 0 
g 0 
g 0 
g 0 
g 0 
g 0 
g 0 
g 0 
g 0 
g 0 
g 0 
g 0 
g 0 
g 0 
g 0 
g 0 
g 0 
g 0 
g 0 
g 0 
g 0 
g 0 
g 0 
g 0 
g 0 
g 0 
g 0 
g 0 
g 0 
g 0 
g 0 
g 0 
g 0 
g 0 
g 0 
g 0 
g 0 
g 0 
g 0 
g 0 
g 0 
g 0 
g 0 
g 0 
g 0 
g 0 
g 0 
g 0 
g 0 

g 0 
g 0 
g 0 
g 0 
g 0 
g 0 
g 0 
g 0 o 2 1 0 0 o 2 2 0 0 o 2 3 0 0 d 2 0 0 0 0 0 0 
g 0 o 2 1 0 0 o 2 2 0 0 o 2 3 0 0 o 2 4 0 0 
g 0 
g 0 
g 0 
g 0 o 2 0 0 1 
g 0 o 2 1 0 1 o 2 2 0 1 o 2 3 0 1 d 2 0 0 1 1 0 0 
g 0 
g 0 
g 0 
g 0 
g 0 
g 0 
g 0 
g 0 
g 0 
g 0 
g 0 
g 0 
g 0 
g 0 
g 0 
g 0 
g 0 
g 0 
g 0 
g 0 
g 0 
g 0 
g 0 
g 0 
g 0 
g 0 
g 0 
g 0 
g 0 
g 0 
g 0 
g 0 
g 0 
g 0 
g 0 
g 0 
g 0 
g 0 
g 0 
g 0 
g 0 
g 0 
g 0 
g 0 
g 0 
g 0 
g 0 
g 0 
g 0 
g 0 
g 0 
g 0 
g 0 
g 0 
g 0 
g 0 
g 0 
g 0 
g 0 
g 0 
g 0 
g 0 
g 0 
g 0 
g 0 
g 0 
g 0 
g 0 
g 0 
g 0 
g 0 
g 0 
g 0 
g 0 
g 0 
g 0 
g 0 
g 0 
g 0 
g 0 
g 0 
g 0 
g 0 
g 0 
g 0 
g 0 
g 0 
g 0 
g 0 
g 0 
g 0 
g 0 
g 0 
g 0 
g 0 
g 0 
g 0 
g 0 
g 0 
g 0 
g 0 
g 0 
g 0 
g 0 
g 0 
g 0 
g 0 
g 0 
g 0 
g 0 
g 0 
g 0 
g 0 
g 0 
g 0 
g 0 
g 0 
g 0 
g 0 
g 0 
g 0 
g 0 
g 0 
g 0 
g 0 
g 0 
g 0 
g 0 
g 0 
g 0 
g 0 
g 0 
g 0 
g 0 
g 0 
g 0 
g 0 
g 0 
g 0 
g 0 
g 0 
g 0 
g 0 
g 0 
g 0 
g 0 
g 0 

g 0 
g 0 
g 0 
g 0 
g 0 
g 0 o 2 1 0 0 o 2 2 0 0 o 2 3 0 0 o 2 4 0 0 
g 0 o 2 1 0 0 o 2 2 0 0 o 2 3 0 0 d 2 0 0 0 0 1 0 
g 0 
g 0 
g 0 
g 0 
g 0 
g 0 
g 0 
g 0 o 2 0 0 1 
g 0 o 2 1 0 1 o 2 2 0 1 o 2 3 0 1 o 2 4 0 1 
g 0 
g 0 
g 0 
g 0 
g 0 
g 0 
g 0 
g 0 
g 0 
g 0 
g 0 
g 0 
g 0 
g 0 
g 0 
g 0 
g 0 
g 0 
g 0 
g 0 
g 0 
g 0 
g 0 
g 0 
g 0 
g 0 
g 0 
g 0 
g 0 
g 0 
g 0 
g 0 
g 0 
g 0 
g 0 
g 0 
g 0 
g 0 
g 0 
g 0 
g 0 
g 0 
g 0 
g 0 
g 0 
g 0 
g 0 
g 0 
g 0 
g 0 
g 0 
g 0 
g 0 
g 0 
g 0 
g 0 
g 0 
g 0 
g 0 
g 0 
g 0 
g 0 
g 0 
g 0 
g 0 
g 0 
g 0 
g 0 
g 0 
g 0 
g 0 
g 0 
g 0 
g 0 
g 0 
g 0 
g 0 
g 0 
g 0 
g 0 
g 0 
g 0 
g 0 
g 0 
g 0 
g 0 
g 0 
g 0 
g 0 
g 0 
g 0 
g 0 
g 0 
g 0 
g 0 
g 0 
g 0 
g 0 
g 0 
g 0 
g 0 
g 0 
g 0 
g 0 
g 0 
g 0 
g 0 
g 0 
g 0 
g 0 
g 0 
g 0 
g 0 
g 0 
g 0 
g 0 
g 0 
g 0 
g 0 
g 0 
g 0 
g 0 
g 0 
g 0 
g 0 
g 0 
g 0 
g 0 
g 0 
g 0 
g 0 
g 0 
g 0 
g 0 
g 0 
g 0 
g 0 
g 0 
g 0 
g 0 
g 0 
g 0 
g 0 
g 0 
g 0 

g 0 
g 0 
g 0 
g 0 
g 0 o 2 0 0 0 o 2 0 0 1 
g 0 o 2 1 0 1 o 2 2 0 1 o 2 3 0 1 o 2 4 0 1 
g 0 
g 0 
g 0 
g 0 
g 0 
g 0 
g 0 
g 0 
g 0 
g 0 
g 0 o 2 0 0 1 
g 0 
g 0 
g 0 
g 0 
g 0 
g 0 
g 0 
g 0 
g 0 
g 0 
g 0 
g 0 
g 0 o 2 0 0 1 
g 0 
g 0 
g 0 
g 0 
g 0 
g 0 
g 0 
g 0 
g 0 
g 0 
g 0 
g 0 
g 0 
g 0 
g 0 
g 0 
g 0 
g 0 
g 0 
g 0 
g 0 
g 0 
g 0 
g 0 
g 0 
g 0 
g 0 
g 0 
g 0 
g 0 
g 0 
g 0 
g 0 
g 0 
g 0 
g 0 
g 0 
g 0 
g 0 
g 0 
g 0 
g 0 
g 0 
g 0 
g 0 
g 0 
g 0 
g 0 
g 0 
g 0 
g 0 
g 0 
g 0 
g 0 
g 0 
g 0 
g 0 
g 0 
g 0 
g 0 
g 0 
g 0 
g 0 
g 0 
g 0 
g 0 
g 0 
g 0 
g 0 
g 0 
g 0 
g 0 
g 0 
g 0 
g 0 
g 0 
g 0 
g 0 
g 0 
g 0 
g 0 
g 0 
g 0 
g 0 
g 0 
g 0 
g 0 
g 0 
g 0 
g 0 
g 0 
g 0 
g 0 
g 0 
g 0 
g 0 
g 0 
g 0 
g 0 
g 0 
g 0 
g 0 
g 0 
g 0 
g 0 
g 0 
g 0 
g 0 
g 0 
g 0 
g 0 
g 0 
g 0 
g 0 
g 0 
g 0 
g 0 
g 0 
g 0 
g 0 
g 0 
g 0 
g 0 
g 0 
g 0 
g 0 
g 0 
g 0 
g 0 
g 0 
g 0 

g 0 
g 0 
g 0 
g 0 
g 0 
g 0 
g 0 o 2 0 0 1 
g 0 o 2 1 0 1 o 2 2 0 1 o 2 3 0 1 d 2 0 0 1 0 0 0 
g 0 
g 0 
g 0 
g 0 
g 0 
g 0 
g 0 
g 0 o 2 1 0 0 o 2 2 0 0 o 2 3 0 0 o 2 4 0 0 
g 0 o 2 0 0 0 
g 0 
g 0 
g 0 
g 0 
g 0 
g 0 
g 0 
g 0 
g 0 
g 0 
g 0 o 2 1 0 0 o 2 2 0 0 o 2 3 0 0 o 2 4 0 0 
g 0 o 2 0 0 0 
g 0 
g 0 o 2 0 0 1 
g 0 o 2 1 0 1 o 2 2 0 1 o 2 3 0 1 o 2 4 0 1 
g 0 
g 0 
g 0 
g 0 
g 0 
g 0 
g 0 
g 0 
g 0 
g 0 
g 0 
g 0 
g 0 
g 0 
g 0 
g 0 
g 0 
g 0 
g 0 
g 0 
g 0 
g 0 
g 0 
g 0 
g 0 
g 0 
g 0 
g 0 
g 0 
g 0 
g 0 
g 0 
g 0 
g 0 
g 0 
g 0 
g 0 
g 0 
g 0 
g 0 
g 0 
g 0 
g 0 
g 0 
g 0 
g 0 
g 0 
g 0 
g 0 
g 0 
g 0 
g 0 
g 0 
g 0 
g 0 
g 0 
g 0 
g 0 
g 0 
g 0 
g 0 
g 0 
g 0 
g 0 
g 0 
g 0 
g 0 
g 0 
g 0 
g 0 
g 0 
g 0 
g 0 
g 0 
g 0 
g 0 
g 0 
g 0 
g 0 
g 0 
g 0 
g 0 
g 0 
g 0 
g 0 
g 0 
g 0 
g 0 
g 0 
g 0 
g 0 
g 0 
g 0 
g 0 
g 0 
g 0 
g 0 
g 0 
g 0 
g 0 
g 0 
g 0 
g 0 
g 0 
g 0 
g 0 
g 0 
g 0 
g 0 
g 0 
g 0 
g 0 
g 0 
g 0 
g 0 
g 0 
g 0 
g 0 
g 0 
g 0 
g 0 
g 0 
g 0 
g 0 
g 0 
g 0 
g 0 
g 0 
g 0 

g 0 
g 0 
g 0 
g 0 
g 0 
g 0 
g 0 
g 0 
g 0 o 2 0 0 1 
g 0 o 2 1 0 1 o 2 2 0 1 o 2 3 0 1 o 2 4 0 1 
g 0 
g 0 
g 0 
g 0 o 2 1 0 0 o 2 2 0 0 o 2 3 0 0 d 2 0 0 0 1 1 0 
g 0 o 2 1 0 0 o 2 2 0 0 o 2 3 0 0 d 2 0 0 0 1 0 0 
g 0 
g 0 
g 0 
g 0 
g 0 
g 0 
g 0 
g 0 
g 0 
g 0 
g 0 o 2 1 0 0 o 2 2 0 0 o 2 3 0 0 o 2 4 0 0 
g 0 o 2 0 0 0 
g 0 
g 0 
g 0 
g 0 
g 0 
g 0 o 2 0 0 1 
g 0 o 2 0 0 1 
g 0 
g 0 
g 0 
g 0 
g 0 
g 0 
g 0 
g 0 
g 0 
g 0 
g 0 
g 0 
g 0 
g 0 
g 0 
g 0 
g 0 
g 0 
g 0 
g 0 
g 0 
g 0 
g 0 
g 0 
g 0 
g 0 
g 0 
g 0 
g 0 
g 0 
g 0 
g 0 
g 0 
g 0 
g 0 
g 0 
g 0 
g 0 
g 0 
g 0 
g 0 
g 0 
g 0 
g 0 
g 0 
g 0 
g 0 
g 0 
g 0 
g 0 
g 0 
g 0 
g 0 
g 0 
g 0 
g 0 
g 0 
g 0 
g 0 
g 0 
g 0 
g 0 
g 0 
g 0 
g 0 
g 0 
g 0 
g 0 
g 0 
g 0 
g 0 
g 0 
g 0 
g 0 
g 0 
g 0 
g 0 
g 0 
g 0 
g 0 
g 0 
g 0 
g 0 
g 0 
g 0 
g 0 
g 0 
g 0 
g 0 
g 0 
g 0 
g 0 
g 0 
g 0 
g 0 
g 0 
g 0 
g 0 
g 0 
g 0 
g 0 
g 0 
g 0 
g 0 
g 0 
g 0 
g 0 
g 0 
g 0 
g 0 
g 0 
g 0 
g 0 
g 0 
g 0 
g 0 
g 0 
g 0 
g 0 
g 0 
g 0 
g 0 
g 0 
g 0 
g 0 
g 0 
g 0 

g 0 
g 0 
g 0 
g 0 
g 0 
g 0 
g 0 
g 0 
g 0 
g 0 
g 0 o 2 0 0 1 
g 0 o 2 0 0 0 
g 0 o 2 1 0 0 o 2 2 0 0 o 2 3 0 0 o 2 4 0 0 
g 0 
g 0 
g 0 
g 0 
g 0 
g 0 
g 0 
g 0 
g 0 
g 0 
g 0 o 2 0 0 0 
g 0 o 2 0 0 0 
g 0 
g 0 
g 0 
g 0 
g 0 
g 0 
g 0 
g 0 
g 0 
g 0 o 2 1 0 1 o 2 2 0 1 o 2 3 0 1 o 2 4 0 1 
g 0 o 2 0 0 1 
g 0 
g 0 
g 0 
g 0 
g 0 
g 0 
g 0 
g 0 
g 0 
g 0 
g 0 
g 0 
g 0 
g 0 
g 0 
g 0 
g 0 
g 0 
g 0 
g 0 
g 0 
g 0 
g 0 
g 0 
g 0 
g 0 
g 0 
g 0 
g 0 
g 0 
g 0 
g 0 
g 0 
g 0 
g 0 
g 0 
g 0 
g 0 
g 0 
g 0 
g 0 
g 0 
g 0 
g 0 
g 0 
g 0 
g 0 
g 0 
g 0 
g 0 
g 0 
g 0 
g 0 
g 0 
g 0 
g 0 
g 0 
g 0 
g 0 
g 0 
g 0 
g 0 
g 0 
g 0 
g 0 
g 0 
g 0 
g 0 
g 0 
g 0 
g 0 
g 0 
g 0 
g 0 
g 0 
g 0 
g 0 
g 0 
g 0 
g 0 
g 0 
g 0 
g 0 
g 0 
g 0 
g 0 
g 0 
g 0 
g 0 
g 0 
g 0 
g 0 
g 0 
g 0 
g 0 
g 0 
g 0 
g 0 
g 0 
g 0 
g 0 
g 0 
g 0 
g 0 
g 0 
g 0 
g 0 
g 0 
g 0 
g 0 
g 0 
g 0 
g 0 
g 0 
g 0 
g 0 
g 0 
g 0 
g 0 
g 0 
g 0 
g 0 
g 0 
g 0 
g 0 

g 0 
g 0 
g 0 
g 0 
g 0 
g 0 
g 0 
g 0 
g 0 
g 0 
g 0 
g 0 
g 0 
g 0 
g 0 
g 0 
g 0 
g 0 
g 0 
g 0 
g 0 
g 0 o 2 0 0 0 
g 0 o 2 1 0 0 o 2 2 0 0 o 2 3 0 0 o 2 4 0 0 
g 0 
g 0 
g 0 
g 0 
g 0 
g 0 
g 0 
g 0 
g 0 
g 0 
g 0 
g 0 
g 0 
g 0 o 2 0 0 1 
g 0 o 2 1 0 1 o 2 2 0 1 o 2 3 0 1 o 2 4 0 1 
g 0 
g 0 
g 0 
g 0 
g 0 
g 0 
g 0 
g 0 
g 0 
g 0 
g 0 
g 0 
g 0 
g 0 
g 0 
g 0 
g 0 
g 0 
g 0 
g 0 
g 0 
g 0 
g 0 
g 0 
g 0 
g 0 
g 0 
g 0 
g 0 
g 0 
g 0 
g 0 
g 0 
g 0 
g 0 
g 0 
g 0 
g 0 
g 0 
g 0 
g 0 
g 0 
g 0 
g 0 
g 0 
g 0 
g 0 
g 0 
g 0 
g 0 
g 0 
g 0 
g 0 
g 0 
g 0 
g 0 
g 0 
g 0 
g 0 
g 0 
g 0 
g 0 
g 0 
g 0 
g 0 
g 0 
g 0 
g 0 
g 0 
g 0 
g 0 
g 0 
g 0 
g 0 
g 0 
g 0 
g 0 
g 0 
g 0 
g 0 
g 0 
g 0 
g 0 
g 0 
g 0 
g 0 
g 0 
g 0 
g 0 
g 0 
g 0 
g 0 
g 0 
g 0 
g 0 
g 0 
g 0 
g 0 
g 0 
g 0 
g 0 
g 0 
g 0 
g 0 
g 0 
g 0 
g 0 
g 0 
g 0 
g 0 
g 0 
g 0 
g 0 
g 0 
g 0 
g 0 
g 0 
g 0 
g 0 
g 0 
g 0 
g 0 
g 0 

g 0 
g 0 
g 0 
g 0 
g 0 
g 0 
g 0 
g 0 
g 0 
g 0 
g 0 
g 0 
g 0 
g 0 
g 0 
g 0 
g 0 
g 0 
g 0 
g 0 o 2 1 0 0 o 2 2 0 0 o 2 3 0 0 o 2 4 0 0 
g 0 o 2 0 0 0 
g 0 
g 0 
g 0 
g 0 
g 0 
g 0 
g 0 
g 0 
g 0 o 2 0 0 0 
g 0 o 2 0 0 1 
g 0 o 2 0 0 1 
g 0 
g 0 
g 0 
g 0 
g 0 
g 0 
g 0 o 2 0 0 1 
g 0 o 2 0 0 1 
g 0 
g 0 
g 0 
g 0 
g 0 
g 0 
g 0 
g 0 
g 0 
g 0 
g 0 
g 0 
g 0 
g 0 
g 0 
g 0 
g 0 
g 0 
g 0 
g 0 
g 0 
g 0 
g 0 
g 0 
g 0 
g 0 
g 0 
g 0 
g 0 
g 0 
g 0 
g 0 
g 0 
g 0 
g 0 
g 0 
g 0 
g 0 
g 0 
g 0 
g 0 
g 0 
g 0 
g 0 
g 0 
g 0 
g 0 
g 0 
g 0 
g 0 
g 0 
g 0 
g 0 
g 0 
g 0 
g 0 
g 0 
g 0 
g 0 
g 0 
g 0 
g 0 
g 0 
g 0 
g 0 
g 0 
g 0 
g 0 
g 0 
g 0 
g 0 
g 0 
g 0 
g 0 
g 0 
g 0 
g 0 
g 0 
g 0 
g 0 
g 0 
g 0 
g 0 
g 0 
g 0 
g 0 
g 0 
g 0 
g 0 
g 0 
g 0 
g 0 
g 0 
g 0 
g 0 
g 0 
g 0 
g 0 
g 0 
g 0 
g 0 
g 0 
g 0 
g 0 
g 0 
g 0 
g 0 
g 0 
g 0 
g 0 
g 0 
g 0 
g 0 
g 0 
g 0 
g 0 
g 0 
g 0 
g 0 
g 0 
g 0 

g 0 
g 0 
g 0 
g 0 
g 0 
g 0 
g 0 
g 0 
g 0 
g 0 
g 0 
g 0 
g 0 
g 0 
g 0 
g 0 
g 0 
g 0 o 2 0 0 0 o 2 0 0 1 
g 0 o 2 0 0 0 
g 0 
g 0 
g 0 
g 0 
g 0 
g 0 
g 0 
g 0 
g 0 o 2 1 0 0 o 2 2 0 0 o 2 3 0 0 o 2 4 0 0 
g 0 o 2 0 0 0 
g 0 
g 0 
g 0 
g 0 o 2 1 0 1 o 2 2 0 1 o 2 3 0 1 o 2 4 0 1 
g 0 o 2 0 0 1 
g 0 
g 0 
g 0 
g 0 
g 0 
g 0 
g 0 o 2 1 0 1 o 2 2 0 1 o 2 3 0 1 o 2 4 0 1 
g 0 o 2 0 0 1 
g 0 
g 0 
g 0 
g 0 
g 0 
g 0 
g 0 
g 0 
g 0 
g 0 
g 0 
g 0 
g 0 
g 0 
g 0 
g 0 
g 0 
g 0 
g 0 
g 0 
g 0 
g 0 
g 0 
g 0 
g 0 
g 0 
g 0 
g 0 
g 0 
g 0 
g 0 
g 0 
g 0 
g 0 
g 0 
g 0 
g 0 
g 0 
g 0 
g 0 
g 0 
g 0 
g 0 
g 0 
g 0 
g 0 
g 0 
g 0 
g 0 
g 0 
g 0 
g 0 
g 0 
g 0 
g 0 
g 0 
g 0 
g 0 
g 0 
g 0 
g 0 
g 0 
g 0 
g 0 
g 0 
g 0 
g 0 
g 0 
g 0 
g 0 
g 0 
g 0 
g 0 
g 0 
g 0 
g 0 
g 0 
g 0 
g 0 
g 0 
g 0 
g 0 
g 0 
g 0 
g 0 
g 0 
g 0 
g 0 
g 0 
g 0 
g 0 
g 0 
g 0 
g 0 
g 0 
g 0 
g 0 
g 0 
g 0 
g 0 
g 0 
g 0 
g 0 
g 0 
g 0 
g 0 
g 0 
g 0 
g 0 
g 0 
g 0 
g 0 
g 0 
g 0 
g 0 
g 0 
g 0 
g 0 
g 0 

g 0 
g 0 
g 0 
g 0 
g 0 
g 0 
g 0 
g 0 
g 0 
g 0 
g 0 
g 0 
g 0 
g 0 
g 0 
g 0 
g 0 
g 0 
g 0 o 2 1 0 1 o 2 2 0 1 o 2 3 0 1 o 2 4 0 1 
g 0 o 2 1 0 1 o 2 2 0 1 o 2 3 0 1 d 2 0 0 1 0 0 0 
g 0 
g 0 
g 0 
g 0 
g 0 
g 0 o 2 0 0 0 
g 0 o 2 0 0 0 
g 0 
g 0 
g 0 
g 0 
g 0 
g 0 
g 0 
g 0 o 2 1 0 1 o 2 2 0 1 o 2 3 0 1 d 2 0 0 1 0 0 0 
g 0 o 2 1 0 1 o 2 2 0 1 o 2 3 0 1 d 2 0 0 1 0 1 0 
g 0 
g 0 
g 0 
g 0 
g 0 
g 0 
g 0 o 2 0 0 1 
g 0 o 2 1 0 1 o 2 2 0 1 o 2 3 0 1 o 2 4 0 1 
g 0 
g 0 
g 0 
g 0 
g 0 
g 0 
g 0 
g 0 
g 0 
g 0 
g 0 
g 0 
g 0 
g 0 
g 0 
g 0 
g 0 
g 0 
g 0 
g 0 
g 0 
g 0 
g 0 
g 0 
g 0 
g 0 
g 0 
g 0 
g 0 
g 0 
g 0 
g 0 
g 0 
g 0 
g 0 
g 0 
g 0 
g 0 
g 0 
g 0 
g 0 
g 0 
g 0 
g 0 
g 0 
g 0 
g 0 
g 0 
g 0 
g 0 
g 0 
g 0 
g 0 
g 0 
g 0 
g 0 
g 0 
g 0 
g 0 
g 0 
g 0 
g 0 
g 0 
g 0 
g 0 
g 0 
g 0 
g 0 
g 0 
g 0 
g 0 
g 0 
g 0 
g 0 
g 0 
g 0 
g 0 
g 0 
g 0 
g 0 
g 0 
g 0 
g 0 
g 0 
g 0 
g 0 
g 0 
g 0 
g 0 
g 0 
g 0 
g 0 
g 0 
g 0 
g 0 
g 0 
g 0 
g 0 
g 0 
g 0 
g 0 
g 0 
g 0 
g 0 
g 0 
g 0 
g 0 
g 0 
g 0 
g 0 
g 0 
g 0 
g 0 
g 0 
g 0 
g 0 
g 0 

g 0 
g 0 
g 0 
g 0 
g 0 
g 0 
g 0 
g 0 
g 0 
g 0 
g 0 
g 0 
g 0 
g 0 
g 0 
g 0 
g 0 
g 0 
g 0 
g 0 
g 0 o 2 1 0 1 o 2 2 0 1 o 2 3 0 1 o 2 4 0 1 
g 0 o 2 0 0 1 
g 0 
g 0 o 2 0 0 0 
g 0 o 2 1 0 0 o 2 2 0 0 o 2 3 0 0 o 2 4 0 0 
g 0 
g 0 
g 0 
g 0 
g 0 
g 0 
g 0 
g 0 
g 0 
g 0 
g 0 
g 0 o 2 0 0 1 
g 0 o 2 1 0 1 o 2 2 0 1 o 2 3 0 1 o 2 4 0 1 
g 0 
g 0 
g 0 
g 0 
g 0 
g 0 
g 0 o 2 0 0 1 
g 0 o 2 0 0 1 
g 0 
g 0 
g 0 
g 0 
g 0 
g 0 
g 0 
g 0 
g 0 
g 0 
g 0 
g 0 
g 0 
g 0 
g 0 
g 0 
g 0 
g 0 
g 0 
g 0 
g 0 
g 0 
g 0 
g 0 
g 0 
g 0 
g 0 
g 0 
g 0 
g 0 
g 0 
g 0 
g 0 
g 0 
g 0 
g 0 
g 0 
g 0 
g 0 
g 0 
g 0 
g 0 
g 0 
g 0 
g 0 
g 0 
g 0 
g 0 
g 0 
g 0 
g 0 
g 0 
g 0 
g 0 
g 0 
g 0 
g 0 
g 0 
g 0 
g 0 
g 0 
g 0 
g 0 
g 0 
g 0 
g 0 
g 0 
g 0 
g 0 
g 0 
g 0 
g 0 
g 0 
g 0 
g 0 
g 0 
g 0 
g 0 
g 0 
g 0 
g 0 
g 0 
g 0 
g 0 
g 0 
g 0 
g 0 
g 0 
g 0 
g 0 
g 0 
g 0 
g 0 
g 0 
g 0 
g 0 
g 0 
g 0 
g 0 
g 0 
g 0 
g 0 
g 0 
g 0 
g 0 
g 0 
g 0 
g 0 
g 0 
g 0 
g 0 
g 0 
g 0 
g 0 
g 0 

g 0 
g 0 
g 0 
g 0 
g 0 
g 0 
g 0 
g 0 
g 0 
g 0 
g 0 
g 0 
g 0 
g 0 
g 0 
g 0 
g 0 
g 0 
g 0 
g 0 
g 0 
g 0 
g 0 o 2 0 0 0 
g 0 
g 0 
g 0 
g 0 
g 0 
g 0 
g 0 
g 0 
g 0 
g 0 
g 0 
g 0 
g 0 
g 0 
g 0 
g 0 o 2 0 0 1 
g 0 o 2 0 0 1 
g 0 
g 0 
g 0 
g 0 
g 0 
g 0 
g 0 o 2 1 0 1 o 2 2 0 1 o 2 3 0 1 o 2 4 0 1 
g 0 o 2 0 0 1 
g 0 
g 0 
g 0 
g 0 
g 0 
g 0 
g 0 
g 0 
g 0 
g 0 
g 0 
g 0 
g 0 
g 0 
g 0 
g 0 
g 0 
g 0 
g 0 
g 0 
g 0 
g 0 
g 0 
g 0 
g 0 
g 0 
g 0 
g 0 
g 0 
g 0 
g 0 
g 0 
g 0 
g 0 
g 0 
g 0 
g 0 
g 0 
g 0 
g 0 
g 0 
g 0 
g 0 
g 0 
g 0 
g 0 
g 0 
g 0 
g 0 
g 0 
g 0 
g 0 
g 0 
g 0 
g 0 
g 0 
g 0 
g 0 
g 0 
g 0 
g 0 
g 0 
g 0 
g 0 
g 0 
g 0 
g 0 
g 0 
g 0 
g 0 
g 0 
g 0 
g 0 
g 0 
g 0 
g 0 
g 0 
g 0 
g 0 
g 0 
g 0 
g 0 
g 0 
g 0 
g 0 
g 0 
g 0 
g 0 
g 0 
g 0 
g 0 
g 0 
g 0 
g 0 
g 0 
g 0 
g 0 
g 0 
g 0 
g 0 
g 0 
g 0 
g 0 
g 0 
g 0 
g 0 
g 0 
g 0 
g 0 
g 0 
g 0 
g 0 
g 0 

g 0 
g 0 
g 0 
g 0 
g 0 
g 0 
g 0 
g 0 
g 0 
g 0 
g 0 
g 0 
g 0 
g 0 
g 0 
g 0 
g 0 
g 0 
g 0 
g 0 
g 0 
g 0 
g 0 
g 0 
g 0 
g 0 
g 0 
g 0 
g 0 
g 0 
g 0 
g 0 
g 0 
g 0 
g 0 
g 0 
g 0 
g 0 
g 0 
g 0 o 2 0 0 0 
g 0 
g 0 
g 0 
g 0 
g 0 
g 0 
g 0 
g 0 
g 0 o 2 0 0 1 
g 0 
g 0 
g 0 
g 0 
g 0 
g 0 
g 0 
g 0 
g 0 
g 0 
g 0 
g 0 
g 0 
g 0 
g 0 
g 0 
g 0 
g 0 
g 0 
g 0 
g 0 
g 0 
g 0 
g 0 
g 0 
g 0 
g 0 
g 0 
g 0 
g 0 
g 0 
g 0 
g 0 
g 0 
g 0 
g 0 
g 0 
g 0 
g 0 
g 0 
g 0 
g 0 
g 0 
g 0 
g 0 
g 0 
g 0 
g 0 
g 0 
g 0 
g 0 
g 0 
g 0 
g 0 
g 0 
g 0 
g 0 
g 0 
g 0 
g 0 
g 0 
g 0 
g 0 
g 0 
g 0 
g 0 
g 0 
g 0 
g 0 
g 0 
g 0 
g 0 
g 0 
g 0 
g 0 
g 0 
g 0 
g 0 
g 0 
g 0 
g 0 
g 0 
g 0 
g 0 
g 0 
g 0 
g 0 
g 0 
g 0 
g 0 
g 0 
g 0 
g 0 
g 0 
g 0 
g 0 
g 0 
g 0 
g 0 
g 0 
g 0 
g 0 
g 0 
g 0 
g 0 
g 0 
g 0 
g 0 
g 0 
g 0 
g 0 
g 0 

g 0 
g 0 
g 0 
g 0 
g 0 
g 0 
g 0 
g 0 
g 0 
g 0 
g 0 
g 0 
g 0 
g 0 
g 0 
g 0 o 2 0 0 0 
g 0 o 2 0 0 1 
g 0 o 2 1 0 1 o 2 2 0 1 o 2 3 0 1 o 2 4 0 1 
g 0 
g 0 
g 0 
g 0 
g 0 
g 0 
g 0 
g 0 
g 0 
g 0 
g 0 
g 0 
g 0 
g 0 
g 0 
g 0 
g 0 
g 0 
g 0 
g 0 o 2 1 0 0 o 2 2 0 0 o 2 3 0 0 o 2 4 0 0 
g 0 o 2 0 0 0 
g 0 
g 0 
g 0 
g 0 
g 0 
g 0 
g 0 
g 0 
g 0 o 2 1 0 0 o 2 2 0 0 o 2 3 0 0 o 2 4 0 0 
g 0 o 2 0 0 0 
g 0 
g 0 
g 0 
g 0 
g 0 
g 0 
g 0 
g 0 
g 0 
g 0 
g 0 
g 0 
g 0 
g 0 
g 0 
g 0 
g 0 
g 0 
g 0 
g 0 
g 0 
g 0 
g 0 
g 0 
g 0 
g 0 
g 0 
g 0 
g 0 
g 0 
g 0 
g 0 
g 0 
g 0 
g 0 
g 0 
g 0 
g 0 
g 0 
g 0 
g 0 
g 0 
g 0 
g 0 
g 0 
g 0 
g 0 
g 0 
g 0 
g 0 
g 0 
g 0 
g 0 
g 0 
g 0 
g 0 
g 0 
g 0 
g 0 
g 0 
g 0 
g 0 
g 0 
g 0 
g 0 
g 0 
g 0 
g 0 
g 0 
g 0 
g 0 
g 0 
g 0 
g 0 
g 0 
g 0 
g 0 
g 0 
g 0 
g 0 
g 0 
g 0 
g 0 
g 0 
g 0 
g 0 
g 0 
g 0 
g 0 
g 0 
g 0 
g 0 
g 0 
g 0 
g 0 
g 0 
g 0 
g 0 
g 0 
g 0 
g 0 
g 0 
g 0 
g 0 
g 0 
g 0 
g 0 
g 0 
g 0 
g 0 
g 0 
g 0 

g 0 
g 0 
g 0 
g 0 
g 0 
g 0 
g 0 
g 0 
g 0 
g 0 
g 0 
g 0 
g 0 
g 0 o 2 0 0 0 
g 0 o 2 1 0 0 o 2 2 0 0 o 2 3 0 0 o 2 4 0 0 
g 0 
g 0 
g 0 
g 0 o 2 0 0 1 
g 0 o 2 1 0 1 o 2 2 0 1 o 2 3 0 1 d 2 0 0 1 1 0 0 
g 0 
g 0 
g 0 
g 0 
g 0 
g 0 
g 0 
g 0 
g 0 
g 0 
g 0 
g 0 
g 0 
g 0 
g 0 
g 0 o 2 0 0 0 
g 0 o 2 0 0 0 
g 0 
g 0 
g 0 
g 0 
g 0 
g 0 
g 0 
g 0 
g 0 o 2 1 0 0 o 2 2 0 0 o 2 3 0 0 o 2 4 0 0 
g 0 o 2 0 0 0 
g 0 
g 0 
g 0 
g 0 
g 0 
g 0 
g 0 
g 0 
g 0 
g 0 
g 0 
g 0 
g 0 
g 0 
g 0 
g 0 
g 0 
g 0 
g 0 
g 0 
g 0 
g 0 
g 0 
g 0 
g 0 
g 0 
g 0 
g 0 
g 0 
g 0 
g 0 
g 0 
g 0 
g 0 
g 0 
g 0 
g 0 
g 0 
g 0 
g 0 
g 0 
g 0 
g 0 
g 0 
g 0 
g 0 
g 0 
g 0 
g 0 
g 0 
g 0 
g 0 
g 0 
g 0 
g 0 
g 0 
g 0 
g 0 
g 0 
g 0 
g 0 
g 0 
g 0 
g 0 
g 0 
g 0 
g 0 
g 0 
g 0 
g 0 
g 0 
g 0 
g 0 
g 0 
g 0 
g 0 
g 0 
g 0 
g 0 
g 0 
g 0 
g 0 
g 0 
g 0 
g 0 
g 0 
g 0 
g 0 
g 0 
g 0 
g 0 
g 0 
g 0 
g 0 
g 0 
g 0 
g 0 
g 0 
g 0 
g 0 
g 0 
g 0 
g 0 
g 0 
g 0 
g 0 
g 0 
g 0 
g 0 
g 0 
g 0 
g 0 
g 0 
g 0 

g 0 
g 0 
g 0 
g 0 
g 0 
g 0 
g 0 
g 0 
g 0 
g 0 
g 0 
g 0 o 2 1 0 0 o 2 2 0 0 o 2 3 0 0 o 2 4 0 0 
g 0 o 2 0 0 0 
g 0 
g 0 
g 0 
g 0 
g 0 
g 0 
g 0 
g 0 o 2 0 0 1 
g 0 o 2 1 0 1 o 2 2 0 1 o 2 3 0 1 o 2 4 0 1 
g 0 
g 0 
g 0 
g 0 
g 0 
g 0 
g 0 
g 0 
g 0 
g 0 
g 0 
g 0 o 2 0 0 0 
g 0 o 2 1 0 0 o 2 2 0 0 o 2 3 0 0 o 2 4 0 0 
g 0 
g 0 
g 0 
g 0 
g 0 
g 0 
g 0 
g 0 
g 0 o 2 0 0 0 
g 0 o 2 0 0 0 
g 0 
g 0 
g 0 
g 0 
g 0 
g 0 
g 0 
g 0 
g 0 
g 0 
g 0 
g 0 
g 0 
g 0 
g 0 
g 0 
g 0 
g 0 
g 0 
g 0 
g 0 
g 0 
g 0 
g 0 
g 0 
g 0 
g 0 
g 0 
g 0 
g 0 
g 0 
g 0 
g 0 
g 0 
g 0 
g 0 
g 0 
g 0 
g 0 
g 0 
g 0 
g 0 
g 0 
g 0 
g 0 
g 0 
g 0 
g 0 
g 0 
g 0 
g 0 
g 0 
g 0 
g 0 
g 0 
g 0 
g 0 
g 0 
g 0 
g 0 
g 0 
g 0 
g 0 
g 0 
g 0 
g 0 
g 0 
g 0 
g 0 
g 0 
g 0 
g 0 
g 0 
g 0 
g 0 
g 0 
g 0 
g 0 
g 0 
g 0 
g 0 
g 0 
g 0 
g 0 
g 0 
g 0 
g 0 
g 0 
g 0 
g 0 
g 0 
g 0 
g 0 
g 0 
g 0 
g 0 
g 0 
g 0 
g 0 
g 0 
g 0 
g 0 
g 0 
g 0 
g 0 
g 0 
g 0 
g 0 
g 0 
g 0 
g 0 
g 0 
g 0 
g 0 
g 0 
g 0 

g 0 
g 0 
g 0 
g 0 
g 0 
g 0 
g 0 
g 0 
g 0 
g 0 
g 0 o 2 0 0 0 o 2 0 0 1 
g 0 o 2 1 0 1 o 2 2 0 1 o 2 3 0 1 o 2 4 0 1 
g 0 
g 0 
g 0 
g 0 
g 0 
g 0 
g 0 
g 0 
g 0 
g 0 
g 0 o 2 0 0 1 
g 0 
g 0 
g 0 
g 0 
g 0 
g 0 
g 0 
g 0 
g 0 
g 0 o 2 0 0 0 o 2 0 0 1 
g 0 o 2 1 0 1 o 2 2 0 1 o 2 3 0 1 o 2 4 0 1 
g 0 
g 0 
g 0 
g 0 
g 0 
g 0 
g 0 
g 0 o 2 0 0 0 
g 0 o 2 1 0 0 o 2 2 0 0 o 2 3 0 0 o 2 4 0 0 
g 0 
g 0 
g 0 
g 0 
g 0 
g 0 
g 0 
g 0 
g 0 
g 0 
g 0 
g 0 
g 0 
g 0 
g 0 
g 0 
g 0 
g 0 
g 0 
g 0 
g 0 
g 0 
g 0 
g 0 
g 0 
g 0 
g 0 
g 0 
g 0 
g 0 
g 0 
g 0 
g 0 
g 0 
g 0 
g 0 
g 0 
g 0 
g 0 
g 0 
g 0 
g 0 
g 0 
g 0 
g 0 
g 0 
g 0 
g 0 
g 0 
g 0 
g 0 
g 0 
g 0 
g 0 
g 0 
g 0 
g 0 
g 0 
g 0 
g 0 
g 0 
g 0 
g 0 
g 0 
g 0 
g 0 
g 0 
g 0 
g 0 
g 0 
g 0 
g 0 
g 0 
g 0 
g 0 
g 0 
g 0 
g 0 
g 0 
g 0 
g 0 
g 0 
g 0 
g 0 
g 0 
g 0 
g 0 
g 0 
g 0 
g 0 
g 0 
g 0 
g 0 
g 0 
g 0 
g 0 
g 0 
g 0 
g 0 
g 0 
g 0 
g 0 
g 0 
g 0 
g 0 
g 0 
g 0 
g 0 
g 0 
g 0 
g 0 
g 0 
g 0 
g 0 
g 0 
g 0 
g 0 
g 0 

g 0 
g 0 
g 0 
g 0 
g 0 
g 0 
g 0 
g 0 
g 0 
g 0 
g 0 
g 0 
g 0 o 2 0 0 1 
g 0 o 2 1 0 1 o 2 2 0 1 o 2 3 0 1 d 2 0 0 1 0 0 0 
g 0 
g 0 
g 0 
g 0 
g 0 
g 0 
g 0 
g 0 o 2 1 0 0 o 2 2 0 0 o 2 3 0 0 o 2 4 0 0 
g 0 o 2 0 0 0 
g 0 
g 0 
g 0 
g 0 
g 0 
g 0 
g 0 
g 0 
g 0 
g 0 
g 0 
g 0 o 2 1 0 1 o 2 2 0 1 o 2 3 0 1 d 2 0 0 1 0 0 0 
g 0 o 2 1 0 1 o 2 2 0 1 o 2 3 0 1 o 2 4 0 1 
g 0 
g 0 
g 0 
g 0 o 2 1 0 0 o 2 2 0 0 o 2 3 0 0 o 2 4 0 0 
g 0 o 2 0 0 0 
g 0 
g 0 
g 0 
g 0 
g 0 
g 0 
g 0 
g 0 
g 0 
g 0 
g 0 
g 0 
g 0 
g 0 
g 0 
g 0 
g 0 
g 0 
g 0 
g 0 
g 0 
g 0 
g 0 
g 0 
g 0 
g 0 
g 0 
g 0 
g 0 
g 0 
g 0 
g 0 
g 0 
g 0 
g 0 
g 0 
g 0 
g 0 
g 0 
g 0 
g 0 
g 0 
g 0 
g 0 
g 0 
g 0 
g 0 
g 0 
g 0 
g 0 
g 0 
g 0 
g 0 
g 0 
g 0 
g 0 
g 0 
g 0 
g 0 
g 0 
g 0 
g 0 
g 0 
g 0 
g 0 
g 0 
g 0 
g 0 
g 0 
g 0 
g 0 
g 0 
g 0 
g 0 
g 0 
g 0 
g 0 
g 0 
g 0 
g 0 
g 0 
g 0 
g 0 
g 0 
g 0 
g 0 
g 0 
g 0 
g 0 
g 0 
g 0 
g 0 
g 0 
g 0 
g 0 
g 0 
g 0 
g 0 
g 0 
g 0 
g 0 
g 0 
g 0 
g 0 
g 0 
g 0 
g 0 
g 0 
g 0 
g 0 
g 0 
g 0 
g 0 
g 0 
g 0 
g 0 
g 0 
g 0 
g 0 
g 0 

g 0 
g 0 
g 0 
g 0 
g 0 
g 0 
g 0 
g 0 
g 0 
g 0 
g 0 
g 0 
g 0 
g 0 
g 0 o 2 0 0 1 
g 0 o 2 1 0 1 o 2 2 0 1 o 2 3 0 1 o 2 4 0 1 
g 0 
g 0 
g 0 
g 0 o 2 0 0 0 
g 0 o 2 0 0 0 
g 0 
g 0 
g 0 
g 0 
g 0 
g 0 
g 0 
g 0 
g 0 
g 0 
g 0 
g 0 
g 0 
g 0 
g 0 
g 0 o 2 0 0 1 
g 0 o 2 0 0 0 
g 0 o 2 0 0 0 
g 0 
g 0 
g 0 
g 0 
g 0 
g 0 
g 0 
g 0 
g 0 
g 0 
g 0 
g 0 
g 0 
g 0 
g 0 
g 0 
g 0 
g 0 
g 0 
g 0 
g 0 
g 0 
g 0 
g 0 
g 0 
g 0 
g 0 
g 0 
g 0 
g 0 
g 0 
g 0 
g 0 
g 0 
g 0 
g 0 
g 0 
g 0 
g 0 
g 0 
g 0 
g 0 
g 0 
g 0 
g 0 
g 0 
g 0 
g 0 
g 0 
g 0 
g 0 
g 0 
g 0 
g 0 
g 0 
g 0 
g 0 
g 0 
g 0 
g 0 
g 0 
g 0 
g 0 
g 0 
g 0 
g 0 
g 0 
g 0 
g 0 
g 0 
g 0 
g 0 
g 0 
g 0 
g 0 
g 0 
g 0 
g 0 
g 0 
g 0 
g 0 
g 0 
g 0 
g 0 
g 0 
g 0 
g 0 
g 0 
g 0 
g 0 
g 0 
g 0 
g 0 
g 0 
g 0 
g 0 
g 0 
g 0 
g 0 
g 0 
g 0 
g 0 
g 0 
g 0 
g 0 
g 0 
g 0 
g 0 
g 0 
g 0 
g 0 
g 0 
g 0 
g 0 
g 0 
g 0 
g 0 
g 0 
g 0 
g 0 
g 0 
g 0 

g 0 
g 0 
g 0 
g 0 
g 0 
g 0 
g 0 
g 0 
g 0 
g 0 
g 0 
g 0 
g 0 
g 0 
g 0 
g 0 
g 0 o 2 0 0 1 
g 0 o 2 0 0 0 
g 0 o 2 1 0 0 o 2 2 0 0 o 2 3 0 0 o 2 4 0 0 
g 0 
g 0 
g 0 
g 0 
g 0 
g 0 
g 0 
g 0 
g 0 
g 0 
g 0 
g 0 
g 0 
g 0 
g 0 
g 0 
g 0 
g 0 
g 0 
g 0 
g 0 
g 0 
g 0 
g 0 
g 0 
g 0 
g 0 
g 0 
g 0 
g 0 
g 0 
g 0 
g 0 
g 0 
g 0 
g 0 
g 0 
g 0 
g 0 
g 0 
g 0 
g 0 
g 0 
g 0 
g 0 
g 0 
g 0 
g 0 
g 0 
g 0 
g 0 
g 0 
g 0 
g 0 
g 0 
g 0 
g 0 
g 0 
g 0 
g 0 
g 0 
g 0 
g 0 
g 0 
g 0 
g 0 
g 0 
g 0 
g 0 
g 0 
g 0 
g 0 
g 0 
g 0 
g 0 
g 0 
g 0 
g 0 
g 0 
g 0 
g 0 
g 0 
g 0 
g 0 
g 0 
g 0 
g 0 
g 0 
g 0 
g 0 
g 0 
g 0 
g 0 
g 0 
g 0 
g 0 
g 0 
g 0 
g 0 
g 0 
g 0 
g 0 
g 0 
g 0 
g 0 
g 0 
g 0 
g 0 
g 0 
g 0 
g 0 
g 0 
g 0 
g 0 
g 0 
g 0 
g 0 
g 0 
g 0 
g 0 
g 0 
g 0 
g 0 
g 0 
g 0 
g 0 
g 0 
g 0 
g 0 
g 0 
g 0 
g 0 
g 0 
g 0 
g 0 
g 0 
g 0 
g 0 
g 0 
g 0 
g 0 
g 0 

g 0 
g 0 
g 0 
g 0 
g 0 
g 0 
g 0 
g 0 
g 0 
g 0 
g 0 
g 0 
g 0 
g 0 
g 0 
g 0 
g 0 
g 0 
g 0 
g 0 
g 0 
g 0 
g 0 
g 0 
g 0 
g 0 
g 0 
g 0 
g 0 
g 0 
g 0 
g 0 
g 0 
g 0 
g 0 
g 0 
g 0 
g 0 
g 0 
g 0 
g 0 
g 0 
g 0 
g 0 
g 0 
g 0 
g 0 
g 0 
g 0 
g 0 
g 0 
g 0 
g 0 
g 0 
g 0 
g 0 
g 0 
g 0 
g 0 
g 0 
g 0 
g 0 
g 0 
g 0 
g 0 
g 0 
g 0 
g 0 
g 0 
g 0 
g 0 
g 0 
g 0 
g 0 
g 0 
g 0 
g 0 
g 0 
g 0 
g 0 
g 0 
g 0 
g 0 
g 0 
g 0 
g 0 
g 0 
g 0 
g 0 
g 0 
g 0 
g 0 
g 0 
g 0 
g 0 
g 0 
g 0 
g 0 
g 0 
g 0 
g 0 
g 0 
g 0 
g 0 
g 0 
g 0 
g 0 
g 0 
g 0 
g 0 
g 0 
g 0 
g 0 
g 0 
g 0 
g 0 
g 0 
g 0 
g 0 
g 0 
g 0 
g 0 
g 0 
g 0 
g 0 
g 0 
g 0 
g 0 
g 0 
g 0 
g 0 
g 0 
g 0 
g 0 
g 0 
g 0 
g 0 
g 0 
g 0 
g 0 
g 0 
g 0 
g 0 
g 0 
g 0 
g 0 
g 0 
g 0 
g 0 
g 0 
g 0 
g 0 
g 0 
g 0 
g 0 
g 0 
g 0 
g 0 
g 0 
g 0 
g 0 

g 0 
g 0 
g 0 
g 0 
g 0 
g 0 
g 0 
g 0 
g 0 
g 0 
g 0 
g 0 
g 0 
g 0 
g 0 
g 0 
g 0 
g 0 
g 0 
g 0 
g 0 
g 0 
g 0 
g 0 
g 0 
g 0 
g 0 
g 0 
g 0 
g 0 
g 0 
g 0 
g 0 
g 0 
g 0 
g 0 
g 0 
g 0 
g 0 
g 0 
g 0 
g 0 
g 0 
g 0 
g 0 
g 0 
g 0 
g 0 
g 0 
g 0 
g 0 
g 0 
g 0 
g 0 
g 0 
g 0 
g 0 
g 0 
g 0 
g 0 
g 0 
g 0 
g 0 
g 0 
g 0 
g 0 
g 0 
g 0 
g 0 
g 0 
g 0 
g 0 
g 0 
g 0 
g 0 
g 0 
g 0 
g 0 
g 0 
g 0 
g 0 
g 0 
g 0 
g 0 
g 0 
g 0 
g 0 
g 0 
g 0 
g 0 
g 0 
g 0 
g 0 
g 0 
g 0 
g 0 
g 0 
g 0 
g 0 
g 0 
g 0 
g 0 
g 0 
g 0 
g 0 
g 0 
g 0 
g 0 
g 0 
g 0 
g 0 
g 0 
g 0 
g 0 
g 0 
g 0 
g 0 
g 0 
g 0 
g 0 
g 0 
g 0 
g 0 
g 0 
g 0 
g 0 
g 0 
g 0 
g 0 
g 0 
g 0 
g 0 
g 0 
g 0 
g 0 
g 0 
g 0 
g 0 
g 0 
g 0 
g 0 
g 0 
g 0 
g 0 
g 0 
g 0 
g 0 
g 0 
g 0 
g 0 
g 0 
g 0 
g 0 
g 0 
g 0 
g 0 
g 0 
g 0 
g 0 
g 0 
g 0 

g 0 
g 0 
g 0 
g 0 
g 0 
g 0 
g 0 
g 0 
g 0 
g 0 
g 0 
g 0 
g 0 
g 0 
g 0 
g 0 
g 0 
g 0 
g 0 
g 0 
g 0 
g 0 
g 0 
g 0 
g 0 
g 0 
g 0 
g 0 
g 0 
g 0 
g 0 
g 0 
g 0 
g 0 
g 0 
g 0 
g 0 
g 0 
g 0 
g 0 
g 0 
g 0 
g 0 
g 0 
g 0 
g 0 
g 0 
g 0 
g 0 
g 0 
g 0 
g 0 
g 0 
g 0 
g 0 
g 0 
g 0 
g 0 
g 0 
g 0 
g 0 
g 0 
g 0 
g 0 
g 0 
g 0 
g 0 
g 0 
g 0 
g 0 
g 0 
g 0 
g 0 
g 0 
g 0 
g 0 
g 0 
g 0 
g 0 
g 0 
g 0 
g 0 
g 0 
g 0 
g 0 
g 0 
g 0 
g 0 
g 0 
g 0 
g 0 
g 0 
g 0 
g 0 
g 0 
g 0 
g 0 
g 0 
g 0 
g 0 
g 0 
g 0 
g 0 
g 0 
g 0 
g 0 
g 0 
g 0 
g 0 
g 0 
g 0 
g 0 
g 0 
g 0 
g 0 
g 0 
g 0 
g 0 
g 0 
g 0 
g 0 
g 0 
g 0 
g 0 
g 0 
g 0 
g 0 
g 0 
g 0 
g 0 
g 0 
g 0 
g 0 
g 0 
g 0 
g 0 
g 0 
g 0 
g 0 
g 0 
g 0 
g 0 
g 0 
g 0 
g 0 
g 0 
g 0 
g 0 
g 0 
g 0 
g 0 
g 0 
g 0 
g 0 
g 0 
g 0 
g 0 
g 0 
g 0 
g 0 
g 0 

g 0 
g 0 
g 0 
g 0 
g 0 
g 0 
g 0 
g 0 
g 0 
g 0 
g 0 
g 0 
g 0 
g 0 
g 0 
g 0 
g 0 
g 0 
g 0 
g 0 
g 0 
g 0 
g 0 
g 0 
g 0 
g 0 
g 0 
g 0 
g 0 
g 0 
g 0 
g 0 
g 0 
g 0 
g 0 
g 0 
g 0 
g 0 
g 0 
g 0 
g 0 
g 0 
g 0 
g 0 
g 0 
g 0 
g 0 
g 0 
g 0 
g 0 
g 0 
g 0 
g 0 
g 0 
g 0 
g 0 
g 0 
g 0 
g 0 
g 0 
g 0 
g 0 
g 0 
g 0 
g 0 
g 0 
g 0 
g 0 
g 0 
g 0 
g 0 
g 0 
g 0 
g 0 
g 0 
g 0 
g 0 
g 0 
g 0 
g 0 
g 0 
g 0 
g 0 
g 0 
g 0 
g 0 
g 0 
g 0 
g 0 
g 0 
g 0 
g 0 
g 0 
g 0 
g 0 
g 0 
g 0 
g 0 
g 0 
g 0 
g 0 
g 0 
g 0 
g 0 
g 0 
g 0 
g 0 
g 0 
g 0 
g 0 
g 0 
g 0 
g 0 
g 0 
g 0 
g 0 
g 0 
g 0 
g 0 
g 0 
g 0 
g 0 
g 0 
g 0 
g 0 
g 0 
g 0 
g 0 
g 0 
g 0 
g 0 
g 0 
g 0 
g 0 
g 0 
g 0 
g 0 
g 0 
g 0 
g 0 
g 0 
g 0 
g 0 
g 0 
g 0 
g 0 
g 0 
g 0 
g 0 
g 0 
g 0 
g 0 
g 0 
g 0 
g 0 
g 0 
g 0 
g 0 
g 0 
g 0 
g 0 

g 0 
g 0 
g 0 
g 0 
g 0 
g 0 
g 0 
g 0 
g 0 
g 0 
g 0 
g 0 
g 0 
g 0 
g 0 
g 0 
g 0 
g 0 
g 0 
g 0 
g 0 
g 0 
g 0 
g 0 
g 0 
g 0 
g 0 
g 0 
g 0 
g 0 
g 0 
g 0 
g 0 
g 0 
g 0 
g 0 
g 0 
g 0 
g 0 
g 0 
g 0 
g 0 
g 0 
g 0 
g 0 
g 0 
g 0 
g 0 
g 0 
g 0 
g 0 
g 0 
g 0 
g 0 
g 0 
g 0 
g 0 
g 0 
g 0 
g 0 
g 0 
g 0 
g 0 
g 0 
g 0 
g 0 
g 0 
g 0 
g 0 
g 0 
g 0 
g 0 
g 0 
g 0 
g 0 
g 0 
g 0 
g 0 
g 0 
g 0 
g 0 
g 0 
g 0 
g 0 
g 0 
g 0 
g 0 
g 0 
g 0 
g 0 
g 0 
g 0 
g 0 
g 0 
g 0 
g 0 
g 0 
g 0 
g 0 
g 0 
g 0 
g 0 
g 0 
g 0 
g 0 
g 0 
g 0 
g 0 
g 0 
g 0 
g 0 
g 0 
g 0 
g 0 
g 0 
g 0 
g 0 
g 0 
g 0 
g 0 
g 0 
g 0 
g 0 
g 0 
g 0 
g 0 
g 0 
g 0 
g 0 
g 0 
g 0 
g 0 
g 0 
g 0 
g 0 
g 0 
g 0 
g 0 
g 0 
g 0 
g 0 
g 0 
g 0 
g 0 
g 0 
g 0 
g 0 
g 0 
g 0 
g 0 
g 0 
g 0 
g 0 
g 0 
g 0 
g 0 
g 0 
g 0 
g 0 
g 0 
g 0 

g 0 
g 0 
g 0 
g 0 
g 0 
g 0 
g 0 
g 0 
g 0 
g 0 
g 0 
g 0 
g 0 
g 0 
g 0 
g 0 
g 0 
g 0 
g 0 
g 0 
g 0 
g 0 
g 0 
g 0 
g 0 
g 0 
g 0 
g 0 
g 0 
g 0 
g 0 
g 0 
g 0 
g 0 
g 0 
g 0 
g 0 
g 0 
g 0 
g 0 
g 0 
g 0 
g 0 
g 0 
g 0 
g 0 
g 0 
g 0 
g 0 
g 0 
g 0 
g 0 
g 0 
g 0 
g 0 
g 0 
g 0 
g 0 
g 0 
g 0 
g 0 
g 0 
g 0 
g 0 
g 0 
g 0 
g 0 
g 0 
g 0 
g 0 
g 0 
g 0 
g 0 
g 0 
g 0 
g 0 
g 0 
g 0 
g 0 
g 0 
g 0 
g 0 
g 0 
g 0 
g 0 
g 0 
g 0 
g 0 
g 0 
g 0 
g 0 
g 0 
g 0 
g 0 
g 0 
g 0 
g 0 
g 0 
g 0 
g 0 
g 0 
g 0 
g 0 
g 0 
g 0 
g 0 
g 0 
g 0 
g 0 
g 0 
g 0 
g 0 
g 0 
g 0 
g 0 
g 0 
g 0 
g 0 
g 0 
g 0 
g 0 
g 0 
g 0 
g 0 
g 0 
g 0 
g 0 
g 0 
g 0 
g 0 
g 0 
g 0 
g 0 
g 0 
g 0 
g 0 
g 0 
g 0 
g 0 
g 0 
g 0 
g 0 
g 0 
g 0 
g 0 
g 0 
g 0 
g 0 
g 0 
g 0 
g 0 
g 0 
g 0 
g 0 
g 0 
g 0 
g 0 
g 0 
g 0 
g 0 
g 0 

g 0 
g 0 
g 0 
g 0 
g 0 
g 0 
g 0 
g 0 
g 0 
g 0 
g 0 
g 0 
g 0 
g 0 
g 0 
g 0 
g 0 
g 0 
g 0 
g 0 
g 0 
g 0 
g 0 
g 0 
g 0 
g 0 
g 0 
g 0 
g 0 
g 0 
g 0 
g 0 
g 0 
g 0 
g 0 
g 0 
g 0 
g 0 
g 0 
g 0 
g 0 
g 0 
g 0 
g 0 
g 0 
g 0 
g 0 
g 0 
g 0 
g 0 
g 0 
g 0 
g 0 
g 0 
g 0 
g 0 
g 0 
g 0 
g 0 
g 0 
g 0 
g 0 
g 0 
g 0 
g 0 
g 0 
g 0 
g 0 
g 0 
g 0 
g 0 
g 0 
g 0 
g 0 
g 0 
g 0 
g 0 
g 0 
g 0 
g 0 
g 0 
g 0 
g 0 
g 0 
g 0 
g 0 
g 0 
g 0 
g 0 
g 0 
g 0 
g 0 
g 0 
g 0 
g 0 
g 0 
g 0 
g 0 
g 0 
g 0 
g 0 
g 0 
g 0 
g 0 
g 0 
g 0 
g 0 
g 0 
g 0 
g 0 
g 0 
g 0 
g 0 
g 0 
g 0 
g 0 
g 0 
g 0 
g 0 
g 0 
g 0 
g 0 
g 0 
g 0 
g 0 
g 0 
g 0 
g 0 
g 0 
g 0 
g 0 
g 0 
g 0 
g 0 
g 0 
g 0 
g 0 
g 0 
g 0 
g 0 
g 0 
g 0 
g 0 
g 0 
g 0 
g 0 
g 0 
g 0 
g 0 
g 0 
g 0 
g 0 
g 0 
g 0 
g 0 
g 0 
g 0 
g 0 
g 0 
g 0 
g 0 

g 0 
g 0 
g 0 
g 0 
g 0 
g 0 
g 0 
g 0 
g 0 
g 0 
g 0 
g 0 
g 0 
g 0 
g 0 
g 0 
g 0 
g 0 
g 0 
g 0 
g 0 
g 0 
g 0 
g 0 
g 0 
g 0 
g 0 
g 0 
g 0 
g 0 
g 0 
g 0 
g 0 
g 0 
g 0 
g 0 
g 0 
g 0 
g 0 
g 0 
g 0 
g 0 
g 0 
g 0 
g 0 
g 0 
g 0 
g 0 
g 0 
g 0 
g 0 
g 0 
g 0 
g 0 
g 0 
g 0 
g 0 
g 0 
g 0 
g 0 
g 0 
g 0 
g 0 
g 0 
g 0 
g 0 
g 0 
g 0 
g 0 
g 0 
g 0 
g 0 
g 0 
g 0 
g 0 
g 0 
g 0 
g 0 
g 0 
g 0 
g 0 
g 0 
g 0 
g 0 
g 0 
g 0 
g 0 
g 0 
g 0 
g 0 
g 0 
g 0 
g 0 
g 0 
g 0 
g 0 
g 0 
g 0 
g 0 
g 0 
g 0 
g 0 
g 0 
g 0 
g 0 
g 0 
g 0 
g 0 
g 0 
g 0 
g 0 
g 0 
g 0 
g 0 
g 0 
g 0 
g 0 
g 0 
g 0 
g 0 
g 0 
g 0 
g 0 
g 0 
g 0 
g 0 
g 0 
g 0 
g 0 
g 0 
g 0 
g 0 
g 0 
g 0 
g 0 
g 0 
g 0 
g 0 
g 0 
g 0 
g 0 
g 0 
g 0 
g 0 
g 0 
g 0 
g 0 
g 0 
g 0 
g 0 
g 0 
g 0 
g 0 
g 0 
g 0 
g 0 
g 0 
g 0 
g 0 
g 0 
g 0 

g 0 
g 0 
g 0 
g 0 
g 0 
g 0 
g 0 
g 0 
g 0 
g 0 
g 0 
g 0 
g 0 
g 0 
g 0 
g 0 
g 0 
g 0 
g 0 
g 0 
g 0 
g 0 
g 0 
g 0 
g 0 
g 0 
g 0 
g 0 
g 0 
g 0 
g 0 
g 0 
g 0 
g 0 
g 0 
g 0 
g 0 
g 0 
g 0 
g 0 
g 0 
g 0 
g 0 
g 0 
g 0 
g 0 
g 0 
g 0 
g 0 
g 0 
g 0 
g 0 
g 0 
g 0 
g 0 
g 0 
g 0 
g 0 
g 0 
g 0 
g 0 
g 0 
g 0 
g 0 
g 0 
g 0 
g 0 
g 0 
g 0 
g 0 
g 0 
g 0 
g 0 
g 0 
g 0 
g 0 
g 0 
g 0 
g 0 
g 0 
g 0 
g 0 
g 0 
g 0 
g 0 
g 0 
g 0 
g 0 
g 0 
g 0 
g 0 
g 0 
g 0 
g 0 
g 0 
g 0 
g 0 
g 0 
g 0 
g 0 
g 0 
g 0 
g 0 
g 0 
g 0 
g 0 
g 0 
g 0 
g 0 
g 0 
g 0 
g 0 
g 0 
g 0 
g 0 
g 0 
g 0 
g 0 
g 0 
g 0 
g 0 
g 0 
g 0 
g 0 
g 0 
g 0 
g 0 
g 0 
g 0 
g 0 
g 0 
g 0 
g 0 
g 0 
g 0 
g 0 
g 0 
g 0 
g 0 
g 0 
g 0 
g 0 
g 0 
g 0 
g 0 
g 0 
g 0 
g 0 
g 0 
g 0 
g 0 
g 0 
g 0 
g 0 
g 0 
g 0 
g 0 
g 0 
g 0 
g 0 
g 0 

g 0 
g 0 
g 0 
g 0 
g 0 
g 0 
g 0 
g 0 
g 0 
g 0 
g 0 
g 0 
g 0 
g 0 
g 0 
g 0 
g 0 
g 0 
g 0 
g 0 
g 0 
g 0 
g 0 
g 0 
g 0 
g 0 
g 0 
g 0 
g 0 
g 0 
g 0 
g 0 
g 0 
g 0 
g 0 
g 0 
g 0 
g 0 
g 0 
g 0 
g 0 
g 0 
g 0 
g 0 
g 0 
g 0 
g 0 
g 0 
g 0 
g 0 
g 0 
g 0 
g 0 
g 0 
g 0 
g 0 
g 0 
g 0 
g 0 
g 0 
g 0 
g 0 
g 0 
g 0 
g 0 
g 0 
g 0 
g 0 
g 0 
g 0 
g 0 
g 0 
g 0 
g 0 
g 0 
g 0 
g 0 
g 0 
g 0 
g 0 
g 0 
g 0 
g 0 
g 0 
g 0 
g 0 
g 0 
g 0 
g 0 
g 0 
g 0 
g 0 
g 0 
g 0 
g 0 
g 0 
g 0 
g 0 
g 0 
g 0 
g 0 
g 0 
g 0 
g 0 
g 0 
g 0 
g 0 
g 0 
g 0 
g 0 
g 0 
g 0 
g 0 
g 0 
g 0 
g 0 
g 0 
g 0 
g 0 
g 0 
g 0 
g 0 
g 0 
g 0 
g 0 
g 0 
g 0 
g 0 
g 0 
g 0 
g 0 
g 0 
g 0 
g 0 
g 0 
g 0 
g 0 
g 0 
g 0 
g 0 
g 0 
g 0 
g 0 
g 0 
g 0 
g 0 
g 0 
g 0 
g 0 
g 0 
g 0 
g 0 
g 0 
g 0 
g 0 
g 0 
g 0 
g 0 
g 0 
g 0 
g 0 

g 0 
g 0 
g 0 
g 0 
g 0 
g 0 
g 0 
g 0 
g 0 
g 0 
g 0 
g 0 
g 0 
g 0 
g 0 
g 0 
g 0 
g 0 
g 0 
g 0 
g 0 
g 0 
g 0 
g 0 
g 0 
g 0 
g 0 
g 0 
g 0 
g 0 
g 0 
g 0 
g 0 
g 0 
g 0 
g 0 
g 0 
g 0 
g 0 
g 0 
g 0 
g 0 
g 0 
g 0 
g 0 
g 0 
g 0 
g 0 
g 0 
g 0 
g 0 
g 0 
g 0 
g 0 
g 0 
g 0 
g 0 
g 0 
g 0 
g 0 
g 0 
g 0 
g 0 
g 0 
g 0 
g 0 
g 0 
g 0 
g 0 
g 0 
g 0 
g 0 
g 0 
g 0 
g 0 
g 0 
g 0 
g 0 
g 0 
g 0 
g 0 
g 0 
g 0 
g 0 
g 0 
g 0 
g 0 
g 0 
g 0 
g 0 
g 0 
g 0 
g 0 
g 0 
g 0 
g 0 
g 0 
g 0 
g 0 
g 0 
g 0 
g 0 
g 0 
g 0 
g 0 
g 0 
g 0 
g 0 
g 0 
g 0 
g 0 
g 0 
g 0 
g 0 
g 0 
g 0 
g 0 
g 0 
g 0 
g 0 
g 0 
g 0 
g 0 
g 0 
g 0 
g 0 
g 0 
g 0 
g 0 
g 0 
g 0 
g 0 
g 0 
g 0 
g 0 
g 0 
g 0 
g 0 
g 0 
g 0 
g 0 
g 0 
g 0 
g 0 
g 0 
g 0 
g 0 
g 0 
g 0 
g 0 
g 0 
g 0 
g 0 
g 0 
g 0 
g 0 
g 0 
g 0 
g 0 
g 0 
g 0 

g 0 
g 0 
g 0 
g 0 
g 0 
g 0 
g 0 
g 0 
g 0 
g 0 
g 0 
g 0 
g 0 
g 0 
g 0 
g 0 
g 0 
g 0 
g 0 
g 0 
g 0 
g 0 
g 0 
g 0 
g 0 
g 0 
g 0 
g 0 
g 0 
g 0 
g 0 
g 0 
g 0 
g 0 
g 0 
g 0 
g 0 
g 0 
g 0 
g 0 
g 0 
g 0 
g 0 
g 0 
g 0 
g 0 
g 0 
g 0 
g 0 
g 0 
g 0 
g 0 
g 0 
g 0 
g 0 
g 0 
g 0 
g 0 
g 0 
g 0 
g 0 
g 0 
g 0 
g 0 
g 0 
g 0 
g 0 
g 0 
g 0 
g 0 
g 0 
g 0 
g 0 
g 0 
g 0 
g 0 
g 0 
g 0 
g 0 
g 0 
g 0 
g 0 
g 0 
g 0 
g 0 
g 0 
g 0 
g 0 
g 0 
g 0 
g 0 
g 0 
g 0 
g 0 
g 0 
g 0 
g 0 
g 0 
g 0 
g 0 
g 0 
g 0 
g 0 
g 0 
g 0 
g 0 
g 0 
g 0 
g 0 
g 0 
g 0 
g 0 
g 0 
g 0 
g 0 
g 0 
g 0 
g 0 
g 0 
g 0 
g 0 
g 0 
g 0 
g 0 
g 0 
g 0 
g 0 
g 0 
g 0 
g 0 
g 0 
g 0 
g 0 
g 0 
g 0 
g 0 
g 0 
g 0 
g 0 
g 0 
g 0 
g 0 
g 0 
g 0 
g 0 
g 0 
g 0 
g 0 
g 0 
g 0 
g 0 
g 0 
g 0 
g 0 
g 0 
g 0 
g 0 
g 0 
g 0 
g 0 
g 0 

g 0 
g 0 
g 0 
g 0 
g 0 
g 0 
g 0 
g 0 
g 0 
g 0 
g 0 
g 0 
g 0 
g 0 
g 0 
g 0 
g 0 
g 0 
g 0 
g 0 
g 0 
g 0 
g 0 
g 0 
g 0 
g 0 
g 0 
g 0 
g 0 
g 0 
g 0 
g 0 
g 0 
g 0 
g 0 
g 0 
g 0 
g 0 
g 0 
g 0 
g 0 
g 0 
g 0 
g 0 
g 0 
g 0 
g 0 
g 0 
g 0 
g 0 
g 0 
g 0 
g 0 
g 0 
g 0 
g 0 
g 0 
g 0 
g 0 
g 0 
g 0 
g 0 
g 0 
g 0 
g 0 
g 0 
g 0 
g 0 
g 0 
g 0 
g 0 
g 0 
g 0 
g 0 
g 0 
g 0 
g 0 
g 0 
g 0 
g 0 
g 0 
g 0 
g 0 
g 0 
g 0 
g 0 
g 0 
g 0 
g 0 
g 0 
g 0 
g 0 
g 0 
g 0 
g 0 
g 0 
g 0 
g 0 
g 0 
g 0 
g 0 
g 0 
g 0 
g 0 
g 0 
g 0 
g 0 
g 0 
g 0 
g 0 
g 0 
g 0 
g 0 
g 0 
g 0 
g 0 
g 0 
g 0 
g 0 
g 0 
g 0 
g 0 
g 0 
g 0 
g 0 
g 0 
g 0 
g 0 
g 0 
g 0 
g 0 
g 0 
g 0 
g 0 
g 0 
g 0 
g 0 
g 0 
g 0 
g 0 
g 0 
g 0 
g 0 
g 0 
g 0 
g 0 
g 0 
g 0 
g 0 
g 0 
g 0 
g 0 
g 0 
g 0 
g 0 
g 0 
g 0 
g 0 
g 0 
g 0 
g 0 

g 0 
g 0 
g 0 
g 0 
g 0 
g 0 
g 0 
g 0 
g 0 
g 0 
g 0 
g 0 
g 0 
g 0 
g 0 
g 0 
g 0 
g 0 
g 0 
g 0 
g 0 
g 0 
g 0 
g 0 
g 0 
g 0 
g 0 
g 0 
g 0 
g 0 
g 0 
g 0 
g 0 
g 0 
g 0 
g 0 
g 0 
g 0 
g 0 
g 0 
g 0 
g 0 
g 0 
g 0 
g 0 
g 0 
g 0 
g 0 
g 0 
g 0 
g 0 
g 0 
g 0 
g 0 
g 0 
g 0 
g 0 
g 0 
g 0 
g 0 
g 0 
g 0 
g 0 
g 0 
g 0 
g 0 
g 0 
g 0 
g 0 
g 0 
g 0 
g 0 
g 0 
g 0 
g 0 
g 0 
g 0 
g 0 
g 0 
g 0 
g 0 
g 0 
g 0 
g 0 
g 0 
g 0 
g 0 
g 0 
g 0 
g 0 
g 0 
g 0 
g 0 
g 0 
g 0 
g 0 
g 0 
g 0 
g 0 
g 0 
g 0 
g 0 
g 0 
g 0 
g 0 
g 0 
g 0 
g 0 
g 0 
g 0 
g 0 
g 0 
g 0 
g 0 
g 0 
g 0 
g 0 
g 0 
g 0 
g 0 
g 0 
g 0 
g 0 
g 0 
g 0 
g 0 
g 0 
g 0 
g 0 
g 0 
g 0 
g 0 
g 0 
g 0 
g 0 
g 0 
g 0 
g 0 
g 0 
g 0 
g 0 
g 0 
g 0 
g 0 
g 0 
g 0 
g 0 
g 0 
g 0 
g 0 
g 0 
g 0 
g 0 
g 0 
g 0 
g 0 
g 0 
g 0 
g 0 
g 0 
g 0 

g 0 
g 0 
g 0 
g 0 
g 0 
g 0 
g 0 
g 0 
g 0 
g 0 
g 0 
g 0 
g 0 
g 0 
g 0 
g 0 
g 0 
g 0 
g 0 
g 0 
g 0 
g 0 
g 0 
g 0 
g 0 
g 0 
g 0 
g 0 
g 0 
g 0 
g 0 
g 0 
g 0 
g 0 
g 0 
g 0 
g 0 
g 0 
g 0 
g 0 
g 0 
g 0 
g 0 
g 0 
g 0 
g 0 
g 0 
g 0 
g 0 
g 0 
g 0 
g 0 
g 0 
g 0 
g 0 
g 0 
g 0 
g 0 
g 0 
g 0 
g 0 
g 0 
g 0 
g 0 
g 0 
g 0 
g 0 
g 0 
g 0 
g 0 
g 0 
g 0 
g 0 
g 0 
g 0 
g 0 
g 0 
g 0 
g 0 
g 0 
g 0 
g 0 
g 0 
g 0 
g 0 
g 0 
g 0 
g 0 
g 0 
g 0 
g 0 
g 0 
g 0 
g 0 
g 0 
g 0 
g 0 
g 0 
g 0 
g 0 
g 0 
g 0 
g 0 
g 0 
g 0 
g 0 
g 0 
g 0 
g 0 
g 0 
g 0 
g 0 
g 0 
g 0 
g 0 
g 0 
g 0 
g 0 
g 0 
g 0 
g 0 
g 0 
g 0 
g 0 
g 0 
g 0 
g 0 
g 0 
g 0 
g 0 
g 0 
g 0 
g 0 
g 0 
g 0 
g 0 
g 0 
g 0 
g 0 
g 0 
g 0 
g 0 
g 0 
g 0 
g 0 
g 0 
g 0 
g 0 
g 0 
g 0 
g 0 
g 0 
g 0 
g 0 
g 0 
g 0 
g 0 
g 0 
g 0 
g 0 
g 0 

g 0 
g 0 
g 0 
g 0 
g 0 
g 0 
g 0 
g 0 
g 0 
g 0 
g 0 
g 0 
g 0 
g 0 
g 0 
g 0 
g 0 
g 0 
g 0 
g 0 
g 0 
g 0 
g 0 
g 0 
g 0 
g 0 
g 0 
g 0 
g 0 
g 0 
g 0 
g 0 
g 0 
g 0 
g 0 
g 0 
g 0 
g 0 
g 0 
g 0 
g 0 
g 0 
g 0 
g 0 
g 0 
g 0 
g 0 
g 0 
g 0 
g 0 
g 0 
g 0 
g 0 
g 0 
g 0 
g 0 
g 0 
g 0 
g 0 
g 0 
g 0 
g 0 
g 0 
g 0 
g 0 
g 0 
g 0 
g 0 
g 0 
g 0 
g 0 
g 0 
g 0 
g 0 
g 0 
g 0 
g 0 
g 0 
g 0 
g 0 
g 0 
g 0 
g 0 
g 0 
g 0 
g 0 
g 0 
g 0 
g 0 
g 0 
g 0 
g 0 
g 0 
g 0 
g 0 
g 0 
g 0 
g 0 
g 0 
g 0 
g 0 
g 0 
g 0 
g 0 
g 0 
g 0 
g 0 
g 0 
g 0 
g 0 
g 0 
g 0 
g 0 
g 0 
g 0 
g 0 
g 0 
g 0 
g 0 
g 0 
g 0 
g 0 
g 0 
g 0 
g 0 
g 0 
g 0 
g 0 
g 0 
g 0 
g 0 
g 0 
g 0 
g 0 
g 0 
g 0 
g 0 
g 0 
g 0 
g 0 
g 0 
g 0 
g 0 
g 0 
g 0 
g 0 
g 0 
g 0 
g 0 
g 0 
g 0 
g 0 
g 0 
g 0 
g 0 
g 0 
g 0 
g 0 
g 0 
g 0 
g 0 

g 0 
g 0 
g 0 
g 0 
g 0 
g 0 
g 0 
g 0 
g 0 
g 0 
g 0 
g 0 
g 0 
g 0 
g 0 
g 0 
g 0 
g 0 
g 0 
g 0 
g 0 
g 0 
g 0 
g 0 
g 0 
g 0 
g 0 
g 0 
g 0 
g 0 
g 0 
g 0 
g 0 
g 0 
g 0 
g 0 
g 0 
g 0 
g 0 
g 0 
g 0 
g 0 
g 0 
g 0 
g 0 
g 0 
g 0 
g 0 
g 0 
g 0 
g 0 
g 0 
g 0 
g 0 
g 0 
g 0 
g 0 
g 0 
g 0 
g 0 
g 0 
g 0 
g 0 
g 0 
g 0 
g 0 
g 0 
g 0 
g 0 
g 0 
g 0 
g 0 
g 0 
g 0 
g 0 
g 0 
g 0 
g 0 
g 0 
g 0 
g 0 
g 0 
g 0 
g 0 
g 0 
g 0 
g 0 
g 0 
g 0 
g 0 
g 0 
g 0 
g 0 
g 0 
g 0 
g 0 
g 0 
g 0 
g 0 
g 0 
g 0 
g 0 
g 0 
g 0 
g 0 
g 0 
g 0 
g 0 
g 0 
g 0 
g 0 
g 0 
g 0 
g 0 
g 0 
g 0 
g 0 
g 0 
g 0 
g 0 
g 0 
g 0 
g 0 
g 0 
g 0 
g 0 
g 0 
g 0 
g 0 
g 0 
g 0 
g 0 
g 0 
g 0 
g 0 
g 0 
g 0 
g 0 
g 0 
g 0 
g 0 
g 0 
g 0 
g 0 
g 0 
g 0 
g 0 
g 0 
g 0 
g 0 
g 0 
g 0 
g 0 
g 0 
g 0 
g 0 
g 0 
g 0 
g 0 
g 0 
g 0 

g 0 
g 0 
g 0 
g 0 
g 0 
g 0 
g 0 
g 0 
g 0 
g 0 
g 0 
g 0 
g 0 
g 0 
g 0 
g 0 
g 0 
g 0 
g 0 
g 0 
g 0 
g 0 
g 0 
g 0 
g 0 
g 0 
g 0 
g 0 
g 0 
g 0 
g 0 
g 0 
g 0 
g 0 
g 0 
g 0 
g 0 
g 0 
g 0 
g 0 
g 0 
g 0 
g 0 
g 0 
g 0 
g 0 
g 0 
g 0 
g 0 
g 0 
g 0 
g 0 
g 0 
g 0 
g 0 
g 0 
g 0 
g 0 
g 0 
g 0 
g 0 
g 0 
g 0 
g 0 
g 0 
g 0 
g 0 
g 0 
g 0 
g 0 
g 0 
g 0 
g 0 
g 0 
g 0 
g 0 
g 0 
g 0 
g 0 
g 0 
g 0 
g 0 
g 0 
g 0 
g 0 
g 0 
g 0 
g 0 
g 0 
g 0 
g 0 
g 0 
g 0 
g 0 
g 0 
g 0 
g 0 
g 0 
g 0 
g 0 
g 0 
g 0 
g 0 
g 0 
g 0 
g 0 
g 0 
g 0 
g 0 
g 0 
g 0 
g 0 
g 0 
g 0 
g 0 
g 0 
g 0 
g 0 
g 0 
g 0 
g 0 
g 0 
g 0 
g 0 
g 0 
g 0 
g 0 
g 0 
g 0 
g 0 
g 0 
g 0 
g 0 
g 0 
g 0 
g 0 
g 0 
g 0 
g 0 
g 0 
g 0 
g 0 
g 0 
g 0 
g 0 
g 0 
g 0 
g 0 
g 0 
g 0 
g 0 
g 0 
g 0 
g 0 
g 0 
g 0 
g 0 
g 0 
g 0 
g 0 
g 0 

g 0 
g 0 
g 0 
g 0 
g 0 
g 0 
g 0 
g 0 
g 0 
g 0 
g 0 
g 0 
g 0 
g 0 
g 0 
g 0 
g 0 
g 0 
g 0 
g 0 
g 0 
g 0 
g 0 
g 0 
g 0 
g 0 
g 0 
g 0 
g 0 
g 0 
g 0 
g 0 
g 0 
g 0 
g 0 
g 0 
g 0 
g 0 
g 0 
g 0 
g 0 
g 0 
g 0 
g 0 
g 0 
g 0 
g 0 
g 0 
g 0 
g 0 
g 0 
g 0 
g 0 
g 0 
g 0 
g 0 
g 0 
g 0 
g 0 
g 0 
g 0 
g 0 
g 0 
g 0 
g 0 
g 0 
g 0 
g 0 
g 0 
g 0 
g 0 
g 0 
g 0 
g 0 
g 0 
g 0 
g 0 
g 0 
g 0 
g 0 
g 0 
g 0 
g 0 
g 0 
g 0 
g 0 
g 0 
g 0 
g 0 
g 0 
g 0 
g 0 
g 0 
g 0 
g 0 
g 0 
g 0 
g 0 
g 0 
g 0 
g 0 
g 0 
g 0 
g 0 
g 0 
g 0 
g 0 
g 0 
g 0 
g 0 
g 0 
g 0 
g 0 
g 0 
g 0 
g 0 
g 0 
g 0 
g 0 
g 0 
g 0 
g 0 
g 0 
g 0 
g 0 
g 0 
g 0 
g 0 
g 0 
g 0 
g 0 
g 0 
g 0 
g 0 
g 0 
g 0 
g 0 
g 0 
g 0 
g 0 
g 0 
g 0 
g 0 
g 0 
g 0 
g 0 
g 0 
g 0 
g 0 
g 0 
g 0 
g 0 
g 0 
g 0 
g 0 
g 0 
g 0 
g 0 
g 0 
g 0 
g 0 

g 0 
g 0 
g 0 
g 0 
g 0 
g 0 
g 0 
g 0 
g 0 
g 0 
g 0 
g 0 
g 0 
g 0 
g 0 
g 0 
g 0 
g 0 
g 0 
g 0 
g 0 
g 0 
g 0 
g 0 
g 0 
g 0 
g 0 
g 0 
g 0 
g 0 
g 0 
g 0 
g 0 
g 0 
g 0 
g 0 
g 0 
g 0 
g 0 
g 0 
g 0 
g 0 
g 0 
g 0 
g 0 
g 0 
g 0 
g 0 
g 0 
g 0 
g 0 
g 0 
g 0 
g 0 
g 0 
g 0 
g 0 
g 0 
g 0 
g 0 
g 0 
g 0 
g 0 
g 0 
g 0 
g 0 
g 0 
g 0 
g 0 
g 0 
g 0 
g 0 
g 0 
g 0 
g 0 
g 0 
g 0 
g 0 
g 0 
g 0 
g 0 
g 0 
g 0 
g 0 
g 0 
g 0 
g 0 
g 0 
g 0 
g 0 
g 0 
g 0 
g 0 
g 0 
g 0 
g 0 
g 0 
g 0 
g 0 
g 0 
g 0 
g 0 
g 0 
g 0 
g 0 
g 0 
g 0 
g 0 
g 0 
g 0 
g 0 
g 0 
g 0 
g 0 
g 0 
g 0 
g 0 
g 0 
g 0 
g 0 
g 0 
g 0 
g 0 
g 0 
g 0 
g 0 
g 0 
g 0 
g 0 
g 0 
g 0 
g 0 
g 0 
g 0 
g 0 
g 0 
g 0 
g 0 
g 0 
g 0 
g 0 
g 0 
g 0 
g 0 
g 0 
g 0 
g 0 
g 0 
g 0 
g 0 
g 0 
g 0 
g 0 
g 0 
g 0 
g 0 
g 0 
g 0 
g 0 
g 0 
g 0 

g 0 
g 0 
g 0 
g 0 
g 0 
g 0 
g 0 
g 0 
g 0 
g 0 
g 0 
g 0 
g 0 
g 0 
g 0 
g 0 
g 0 
g 0 
g 0 
g 0 
g 0 
g 0 
g 0 
g 0 
g 0 
g 0 
g 0 
g 0 
g 0 
g 0 
g 0 
g 0 
g 0 
g 0 
g 0 
g 0 
g 0 
g 0 
g 0 
g 0 
g 0 
g 0 
g 0 
g 0 
g 0 
g 0 
g 0 
g 0 
g 0 
g 0 
g 0 
g 0 
g 0 
g 0 
g 0 
g 0 
g 0 
g 0 
g 0 
g 0 
g 0 
g 0 
g 0 
g 0 
g 0 
g 0 
g 0 
g 0 
g 0 
g 0 
g 0 
g 0 
g 0 
g 0 
g 0 
g 0 
g 0 
g 0 
g 0 
g 0 
g 0 
g 0 
g 0 
g 0 
g 0 
g 0 
g 0 
g 0 
g 0 
g 0 
g 0 
g 0 
g 0 
g 0 
g 0 
g 0 
g 0 
g 0 
g 0 
g 0 
g 0 
g 0 
g 0 
g 0 
g 0 
g 0 
g 0 
g 0 
g 0 
g 0 
g 0 
g 0 
g 0 
g 0 
g 0 
g 0 
g 0 
g 0 
g 0 
g 0 
g 0 
g 0 
g 0 
g 0 
g 0 
g 0 
g 0 
g 0 
g 0 
g 0 
g 0 
g 0 
g 0 
g 0 
g 0 
g 0 
g 0 
g 0 
g 0 
g 0 
g 0 
g 0 
g 0 
g 0 
g 0 
g 0 
g 0 
g 0 
g 0 
g 0 
g 0 
g 0 
g 0 
g 0 
g 0 
g 0 
g 0 
g 0 
g 0 
g 0 
g 0 

g 0 
g 0 
g 0 
g 0 
g 0 
g 0 
g 0 
g 0 
g 0 
g 0 
g 0 
g 0 
g 0 
g 0 
g 0 
g 0 
g 0 
g 0 
g 0 
g 0 
g 0 
g 0 
g 0 
g 0 
g 0 
g 0 
g 0 
g 0 
g 0 
g 0 
g 0 
g 0 
g 0 
g 0 
g 0 
g 0 
g 0 
g 0 
g 0 
g 0 
g 0 
g 0 
g 0 
g 0 
g 0 
g 0 
g 0 
g 0 
g 0 
g 0 
g 0 
g 0 
g 0 
g 0 
g 0 
g 0 
g 0 
g 0 
g 0 
g 0 
g 0 
g 0 
g 0 
g 0 
g 0 
g 0 
g 0 
g 0 
g 0 
g 0 
g 0 
g 0 
g 0 
g 0 
g 0 
g 0 
g 0 
g 0 
g 0 
g 0 
g 0 
g 0 
g 0 
g 0 
g 0 
g 0 
g 0 
g 0 
g 0 
g 0 
g 0 
g 0 
g 0 
g 0 
g 0 
g 0 
g 0 
g 0 
g 0 
g 0 
g 0 
g 0 
g 0 
g 0 
g 0 
g 0 
g 0 
g 0 
g 0 
g 0 
g 0 
g 0 
g 0 
g 0 
g 0 
g 0 
g 0 
g 0 
g 0 
g 0 
g 0 
g 0 
g 0 
g 0 
g 0 
g 0 
g 0 
g 0 
g 0 
g 0 
g 0 
g 0 
g 0 
g 0 
g 0 
g 0 
g 0 
g 0 
g 0 
g 0 
g 0 
g 0 
g 0 
g 0 
g 0 
g 0 
g 0 
g 0 
g 0 
g 0 
g 0 
g 0 
g 0 
g 0 
g 0 
g 0 
g 0 
g 0 
g 0 
g 0 
g 0 

g 0 
g 0 
g 0 
g 0 
g 0 
g 0 
g 0 
g 0 
g 0 
g 0 
g 0 
g 0 
g 0 
g 0 
g 0 
g 0 
g 0 
g 0 
g 0 
g 0 
g 0 
g 0 
g 0 
g 0 
g 0 
g 0 
g 0 
g 0 
g 0 
g 0 
g 0 
g 0 
g 0 
g 0 
g 0 
g 0 
g 0 
g 0 
g 0 
g 0 
g 0 
g 0 
g 0 
g 0 
g 0 
g 0 
g 0 
g 0 
g 0 
g 0 
g 0 
g 0 
g 0 
g 0 
g 0 
g 0 
g 0 
g 0 
g 0 
g 0 
g 0 
g 0 
g 0 
g 0 
g 0 
g 0 
g 0 
g 0 
g 0 
g 0 
g 0 
g 0 
g 0 
g 0 
g 0 
g 0 
g 0 
g 0 
g 0 
g 0 
g 0 
g 0 
g 0 
g 0 
g 0 
g 0 
g 0 
g 0 
g 0 
g 0 
g 0 
g 0 
g 0 
g 0 
g 0 
g 0 
g 0 
g 0 
g 0 
g 0 
g 0 
g 0 
g 0 
g 0 
g 0 
g 0 
g 0 
g 0 
g 0 
g 0 
g 0 
g 0 
g 0 
g 0 
g 0 
g 0 
g 0 
g 0 
g 0 
g 0 
g 0 
g 0 
g 0 
g 0 
g 0 
g 0 
g 0 
g 0 
g 0 
g 0 
g 0 
g 0 
g 0 
g 0 
g 0 
g 0 
g 0 
g 0 
g 0 
g 0 
g 0 
g 0 
g 0 
g 0 
g 0 
g 0 
g 0 
g 0 
g 0 
g 0 
g 0 
g 0 
g 0 
g 0 
g 0 
g 0 
g 0 
g 0 
g 0 
g 0 
g 0 

g 0 
g 0 
g 0 
g 0 
g 0 
g 0 
g 0 
g 0 
g 0 
g 0 
g 0 
g 0 
g 0 
g 0 
g 0 
g 0 
g 0 
g 0 
g 0 
g 0 
g 0 
g 0 
g 0 
g 0 
g 0 
g 0 
g 0 
g 0 
g 0 
g 0 
g 0 
g 0 
g 0 
g 0 
g 0 
g 0 
g 0 
g 0 
g 0 
g 0 
g 0 
g 0 
g 0 
g 0 
g 0 
g 0 
g 0 
g 0 
g 0 
g 0 
g 0 
g 0 
g 0 
g 0 
g 0 
g 0 
g 0 
g 0 
g 0 
g 0 
g 0 
g 0 
g 0 
g 0 
g 0 
g 0 
g 0 
g 0 
g 0 
g 0 
g 0 
g 0 
g 0 
g 0 
g 0 
g 0 
g 0 
g 0 
g 0 
g 0 
g 0 
g 0 
g 0 
g 0 
g 0 
g 0 
g 0 
g 0 
g 0 
g 0 
g 0 
g 0 
g 0 
g 0 
g 0 
g 0 
g 0 
g 0 
g 0 
g 0 
g 0 
g 0 
g 0 
g 0 
g 0 
g 0 
g 0 
g 0 
g 0 
g 0 
g 0 
g 0 
g 0 
g 0 
g 0 
g 0 
g 0 
g 0 
g 0 
g 0 
g 0 
g 0 
g 0 
g 0 
g 0 
g 0 
g 0 
g 0 
g 0 
g 0 
g 0 
g 0 
g 0 
g 0 
g 0 
g 0 
g 0 
g 0 
g 0 
g 0 
g 0 
g 0 
g 0 
g 0 
g 0 
g 0 
g 0 
g 0 
g 0 
g 0 
g 0 
g 0 
g 0 
g 0 
g 0 
g 0 
g 0 
g 0 
g 0 
g 0 
g 0 

g 0 
g 0 
g 0 
g 0 
g 0 
g 0 
g 0 
g 0 
g 0 
g 0 
g 0 
g 0 
g 0 
g 0 
g 0 
g 0 
g 0 
g 0 
g 0 
g 0 
g 0 
g 0 
g 0 
g 0 
g 0 
g 0 
g 0 
g 0 
g 0 
g 0 
g 0 
g 0 
g 0 
g 0 
g 0 
g 0 
g 0 
g 0 
g 0 
g 0 
g 0 
g 0 
g 0 
g 0 
g 0 
g 0 
g 0 
g 0 
g 0 
g 0 
g 0 
g 0 
g 0 
g 0 
g 0 
g 0 
g 0 
g 0 
g 0 
g 0 
g 0 
g 0 
g 0 
g 0 
g 0 
g 0 
g 0 
g 0 
g 0 
g 0 
g 0 
g 0 
g 0 
g 0 
g 0 
g 0 
g 0 
g 0 
g 0 
g 0 
g 0 
g 0 
g 0 
g 0 
g 0 
g 0 
g 0 
g 0 
g 0 
g 0 
g 0 
g 0 
g 0 
g 0 
g 0 
g 0 
g 0 
g 0 
g 0 
g 0 
g 0 
g 0 
g 0 
g 0 
g 0 
g 0 
g 0 
g 0 
g 0 
g 0 
g 0 
g 0 
g 0 
g 0 
g 0 
g 0 
g 0 
g 0 
g 0 
g 0 
g 0 
g 0 
g 0 
g 0 
g 0 
g 0 
g 0 
g 0 
g 0 
g 0 
g 0 
g 0 
g 0 
g 0 
g 0 
g 0 
g 0 
g 0 
g 0 
g 0 
g 0 
g 0 
g 0 
g 0 
g 0 
g 0 
g 0 
g 0 
g 0 
g 0 
g 0 
g 0 
g 0 
g 0 
g 0 
g 0 
g 0 
g 0 
g 0 
g 0 
g 0 

g 0 
g 0 
g 0 
g 0 
g 0 
g 0 
g 0 
g 0 
g 0 
g 0 
g 0 
g 0 
g 0 
g 0 
g 0 
g 0 
g 0 
g 0 
g 0 
g 0 
g 0 
g 0 
g 0 
g 0 
g 0 
g 0 
g 0 
g 0 
g 0 
g 0 
g 0 
g 0 
g 0 
g 0 
g 0 
g 0 
g 0 
g 0 
g 0 
g 0 
g 0 
g 0 
g 0 
g 0 
g 0 
g 0 
g 0 
g 0 
g 0 
g 0 
g 0 
g 0 
g 0 
g 0 
g 0 
g 0 
g 0 
g 0 
g 0 
g 0 
g 0 
g 0 
g 0 
g 0 
g 0 
g 0 
g 0 
g 0 
g 0 
g 0 
g 0 
g 0 
g 0 
g 0 
g 0 
g 0 
g 0 
g 0 
g 0 
g 0 
g 0 
g 0 
g 0 
g 0 
g 0 
g 0 
g 0 
g 0 
g 0 
g 0 
g 0 
g 0 
g 0 
g 0 
g 0 
g 0 
g 0 
g 0 
g 0 
g 0 
g 0 
g 0 
g 0 
g 0 
g 0 
g 0 
g 0 
g 0 
g 0 
g 0 
g 0 
g 0 
g 0 
g 0 
g 0 
g 0 
g 0 
g 0 
g 0 
g 0 
g 0 
g 0 
g 0 
g 0 
g 0 
g 0 
g 0 
g 0 
g 0 
g 0 
g 0 
g 0 
g 0 
g 0 
g 0 
g 0 
g 0 
g 0 
g 0 
g 0 
g 0 
g 0 
g 0 
g 0 
g 0 
g 0 
g 0 
g 0 
g 0 
g 0 
g 0 
g 0 
g 0 
g 0 
g 0 
g 0 
g 0 
g 0 
g 0 
g 0 
g 0 

g 0 
g 0 
g 0 
g 0 
g 0 
g 0 
g 0 
g 0 
g 0 
g 0 
g 0 
g 0 
g 0 
g 0 
g 0 
g 0 
g 0 
g 0 
g 0 
g 0 
g 0 
g 0 
g 0 
g 0 
g 0 
g 0 
g 0 
g 0 
g 0 
g 0 
g 0 
g 0 
g 0 
g 0 
g 0 
g 0 
g 0 
g 0 
g 0 
g 0 
g 0 
g 0 
g 0 
g 0 
g 0 
g 0 
g 0 
g 0 
g 0 
g 0 
g 0 
g 0 
g 0 
g 0 
g 0 
g 0 
g 0 
g 0 
g 0 
g 0 
g 0 
g 0 
g 0 
g 0 
g 0 
g 0 
g 0 
g 0 
g 0 
g 0 
g 0 
g 0 
g 0 
g 0 
g 0 
g 0 
g 0 
g 0 
g 0 
g 0 
g 0 
g 0 
g 0 
g 0 
g 0 
g 0 
g 0 
g 0 
g 0 
g 0 
g 0 
g 0 
g 0 
g 0 
g 0 
g 0 
g 0 
g 0 
g 0 
g 0 
g 0 
g 0 
g 0 
g 0 
g 0 
g 0 
g 0 
g 0 
g 0 
g 0 
g 0 
g 0 
g 0 
g 0 
g 0 
g 0 
g 0 
g 0 
g 0 
g 0 
g 0 
g 0 
g 0 
g 0 
g 0 
g 0 
g 0 
g 0 
g 0 
g 0 
g 0 
g 0 
g 0 
g 0 
g 0 
g 0 
g 0 
g 0 
g 0 
g 0 
g 0 
g 0 
g 0 
g 0 
g 0 
g 0 
g 0 
g 0 
g 0 
g 0 
g 0 
g 0 
g 0 
g 0 
g 0 
g 0 
g 0 
g 0 
g 0 
g 0 
g 0 

g 0 
g 0 
g 0 
g 0 
g 0 
g 0 
g 0 
g 0 
g 0 
g 0 
g 0 
g 0 
g 0 
g 0 
g 0 
g 0 
g 0 
g 0 
g 0 
g 0 
g 0 
g 0 
g 0 
g 0 
g 0 
g 0 
g 0 
g 0 
g 0 
g 0 
g 0 
g 0 
g 0 
g 0 
g 0 
g 0 
g 0 
g 0 
g 0 
g 0 
g 0 
g 0 
g 0 
g 0 
g 0 
g 0 
g 0 
g 0 
g 0 
g 0 
g 0 
g 0 
g 0 
g 0 
g 0 
g 0 
g 0 
g 0 
g 0 
g 0 
g 0 
g 0 
g 0 
g 0 
g 0 
g 0 
g 0 
g 0 
g 0 
g 0 
g 0 
g 0 
g 0 
g 0 
g 0 
g 0 
g 0 
g 0 
g 0 
g 0 
g 0 
g 0 
g 0 
g 0 
g 0 
g 0 
g 0 
g 0 
g 0 
g 0 
g 0 
g 0 
g 0 
g 0 
g 0 
g 0 
g 0 
g 0 
g 0 
g 0 
g 0 
g 0 
g 0 
g 0 
g 0 
g 0 
g 0 
g 0 
g 0 
g 0 
g 0 
g 0 
g 0 
g 0 
g 0 
g 0 
g 0 
g 0 
g 0 
g 0 
g 0 
g 0 
g 0 
g 0 
g 0 
g 0 
g 0 
g 0 
g 0 
g 0 
g 0 
g 0 
g 0 
g 0 
g 0 
g 0 
g 0 
g 0 
g 0 
g 0 
g 0 
g 0 
g 0 
g 0 
g 0 
g 0 
g 0 
g 0 
g 0 
g 0 
g 0 
g 0 
g 0 
g 0 
g 0 
g 0 
g 0 
g 0 
g 0 
g 0 
g 0 

g 0 
g 0 
g 0 
g 0 
g 0 
g 0 
g 0 
g 0 
g 0 
g 0 
g 0 
g 0 
g 0 
g 0 
g 0 
g 0 
g 0 
g 0 
g 0 
g 0 
g 0 
g 0 
g 0 
g 0 
g 0 
g 0 
g 0 
g 0 
g 0 
g 0 
g 0 
g 0 
g 0 
g 0 
g 0 
g 0 
g 0 
g 0 
g 0 
g 0 
g 0 
g 0 
g 0 
g 0 
g 0 
g 0 
g 0 
g 0 
g 0 
g 0 
g 0 
g 0 
g 0 
g 0 
g 0 
g 0 
g 0 
g 0 
g 0 
g 0 
g 0 
g 0 
g 0 
g 0 
g 0 
g 0 
g 0 
g 0 
g 0 
g 0 
g 0 
g 0 
g 0 
g 0 
g 0 
g 0 
g 0 
g 0 
g 0 
g 0 
g 0 
g 0 
g 0 
g 0 
g 0 
g 0 
g 0 
g 0 
g 0 
g 0 
g 0 
g 0 
g 0 
g 0 
g 0 
g 0 
g 0 
g 0 
g 0 
g 0 
g 0 
g 0 
g 0 
g 0 
g 0 
g 0 
g 0 
g 0 
g 0 
g 0 
g 0 
g 0 
g 0 
g 0 
g 0 
g 0 
g 0 
g 0 
g 0 
g 0 
g 0 
g 0 
g 0 
g 0 
g 0 
g 0 
g 0 
g 0 
g 0 
g 0 
g 0 
g 0 
g 0 
g 0 
g 0 
g 0 
g 0 
g 0 
g 0 
g 0 
g 0 
g 0 
g 0 
g 0 
g 0 
g 0 
g 0 
g 0 
g 0 
g 0 
g 0 
g 0 
g 0 
g 0 
g 0 
g 0 
g 0 
g 0 
g 0 
g 0 
g 0 

g 0 
g 0 
g 0 
g 0 
g 0 
g 0 
g 0 
g 0 
g 0 
g 0 
g 0 
g 0 
g 0 
g 0 
g 0 
g 0 
g 0 
g 0 
g 0 
g 0 
g 0 
g 0 
g 0 
g 0 
g 0 
g 0 
g 0 
g 0 
g 0 
g 0 
g 0 
g 0 
g 0 
g 0 
g 0 
g 0 
g 0 
g 0 
g 0 
g 0 
g 0 
g 0 
g 0 
g 0 
g 0 
g 0 
g 0 
g 0 
g 0 
g 0 
g 0 
g 0 
g 0 
g 0 
g 0 
g 0 
g 0 
g 0 
g 0 
g 0 
g 0 
g 0 
g 0 
g 0 
g 0 
g 0 
g 0 
g 0 
g 0 
g 0 
g 0 
g 0 
g 0 
g 0 
g 0 
g 0 
g 0 
g 0 
g 0 
g 0 
g 0 
g 0 
g 0 
g 0 
g 0 
g 0 
g 0 
g 0 
g 0 
g 0 
g 0 
g 0 
g 0 
g 0 
g 0 
g 0 
g 0 
g 0 
g 0 
g 0 
g 0 
g 0 
g 0 
g 0 
g 0 
g 0 
g 0 
g 0 
g 0 
g 0 
g 0 
g 0 
g 0 
g 0 
g 0 
g 0 
g 0 
g 0 
g 0 
g 0 
g 0 
g 0 
g 0 
g 0 
g 0 
g 0 
g 0 
g 0 
g 0 
g 0 
g 0 
g 0 
g 0 
g 0 
g 0 
g 0 
g 0 
g 0 
g 0 
g 0 
g 0 
g 0 
g 0 
g 0 
g 0 
g 0 
g 0 
g 0 
g 0 
g 0 
g 0 
g 0 
g 0 
g 0 
g 0 
g 0 
g 0 
g 0 
g 0 
g 0 
g 0 

g 0 
g 0 
g 0 
g 0 
g 0 
g 0 
g 0 
g 0 
g 0 
g 0 
g 0 
g 0 
g 0 
g 0 
g 0 
g 0 
g 0 
g 0 
g 0 
g 0 
g 0 
g 0 
g 0 
g 0 
g 0 
g 0 
g 0 
g 0 
g 0 
g 0 
g 0 
g 0 
g 0 
g 0 
g 0 
g 0 
g 0 
g 0 
g 0 
g 0 
g 0 
g 0 
g 0 
g 0 
g 0 
g 0 
g 0 
g 0 
g 0 
g 0 
g 0 
g 0 
g 0 
g 0 
g 0 
g 0 
g 0 
g 0 
g 0 
g 0 
g 0 
g 0 
g 0 
g 0 
g 0 
g 0 
g 0 
g 0 
g 0 
g 0 
g 0 
g 0 
g 0 
g 0 
g 0 
g 0 
g 0 
g 0 
g 0 
g 0 
g 0 
g 0 
g 0 
g 0 
g 0 
g 0 
g 0 
g 0 
g 0 
g 0 
g 0 
g 0 
g 0 
g 0 
g 0 
g 0 
g 0 
g 0 
g 0 
g 0 
g 0 
g 0 
g 0 
g 0 
g 0 
g 0 
g 0 
g 0 
g 0 
g 0 
g 0 
g 0 
g 0 
g 0 
g 0 
g 0 
g 0 
g 0 
g 0 
g 0 
g 0 
g 0 
g 0 
g 0 
g 0 
g 0 
g 0 
g 0 
g 0 
g 0 
g 0 
g 0 
g 0 
g 0 
g 0 
g 0 
g 0 
g 0 
g 0 
g 0 
g 0 
g 0 
g 0 
g 0 
g 0 
g 0 
g 0 
g 0 
g 0 
g 0 
g 0 
g 0 
g 0 
g 0 
g 0 
g 0 
g 0 
g 0 
g 0 
g 0 
g 0 

g 0 
g 0 
g 0 
g 0 
g 0 
g 0 
g 0 
g 0 
g 0 
g 0 
g 0 
g 0 
g 0 
g 0 
g 0 
g 0 
g 0 
g 0 
g 0 
g 0 
g 0 
g 0 
g 0 
g 0 
g 0 
g 0 
g 0 
g 0 
g 0 
g 0 
g 0 
g 0 
g 0 
g 0 
g 0 
g 0 
g 0 
g 0 
g 0 
g 0 
g 0 
g 0 
g 0 
g 0 
g 0 
g 0 
g 0 
g 0 
g 0 
g 0 
g 0 
g 0 
g 0 
g 0 
g 0 
g 0 
g 0 
g 0 
g 0 
g 0 
g 0 
g 0 
g 0 
g 0 
g 0 
g 0 
g 0 
g 0 
g 0 
g 0 
g 0 
g 0 
g 0 
g 0 
g 0 
g 0 
g 0 
g 0 
g 0 
g 0 
g 0 
g 0 
g 0 
g 0 
g 0 
g 0 
g 0 
g 0 
g 0 
g 0 
g 0 
g 0 
g 0 
g 0 
g 0 
g 0 
g 0 
g 0 
g 0 
g 0 
g 0 
g 0 
g 0 
g 0 
g 0 
g 0 
g 0 
g 0 
g 0 
g 0 
g 0 
g 0 
g 0 
g 0 
g 0 
g 0 
g 0 
g 0 
g 0 
g 0 
g 0 
g 0 
g 0 
g 0 
g 0 
g 0 
g 0 
g 0 
g 0 
g 0 
g 0 
g 0 
g 0 
g 0 
g 0 
g 0 
g 0 
g 0 
g 0 
g 0 
g 0 
g 0 
g 0 
g 0 
g 0 
g 0 
g 0 
g 0 
g 0 
g 0 
g 0 
g 0 
g 0 
g 0 
g 0 
g 0 
g 0 
g 0 
g 0 
g 0 
g 0 

g 0 
g 0 
g 0 
g 0 
g 0 
g 0 
g 0 
g 0 
g 0 
g 0 
g 0 
g 0 
g 0 
g 0 
g 0 
g 0 
g 0 
g 0 
g 0 
g 0 
g 0 
g 0 
g 0 
g 0 
g 0 
g 0 
g 0 
g 0 
g 0 
g 0 
g 0 
g 0 
g 0 
g 0 
g 0 
g 0 
g 0 
g 0 
g 0 
g 0 
g 0 
g 0 
g 0 
g 0 
g 0 
g 0 
g 0 
g 0 
g 0 
g 0 
g 0 
g 0 
g 0 
g 0 
g 0 
g 0 
g 0 
g 0 
g 0 
g 0 
g 0 
g 0 
g 0 
g 0 
g 0 
g 0 
g 0 
g 0 
g 0 
g 0 
g 0 
g 0 
g 0 
g 0 
g 0 
g 0 
g 0 
g 0 
g 0 
g 0 
g 0 
g 0 
g 0 
g 0 
g 0 
g 0 
g 0 
g 0 
g 0 
g 0 
g 0 
g 0 
g 0 
g 0 
g 0 
g 0 
g 0 
g 0 
g 0 
g 0 
g 0 
g 0 
g 0 
g 0 
g 0 
g 0 
g 0 
g 0 
g 0 
g 0 
g 0 
g 0 
g 0 
g 0 
g 0 
g 0 
g 0 
g 0 
g 0 
g 0 
g 0 
g 0 
g 0 
g 0 
g 0 
g 0 
g 0 
g 0 
g 0 
g 0 
g 0 
g 0 
g 0 
g 0 
g 0 
g 0 
g 0 
g 0 
g 0 
g 0 
g 0 
g 0 
g 0 
g 0 
g 0 
g 0 
g 0 
g 0 
g 0 
g 0 
g 0 
g 0 
g 0 
g 0 
g 0 
g 0 
g 0 
g 0 
g 0 
g 0 
g 0 

g 0 
g 0 
g 0 
g 0 
g 0 
g 0 
g 0 
g 0 
g 0 
g 0 
g 0 
g 0 
g 0 
g 0 
g 0 
g 0 
g 0 
g 0 
g 0 
g 0 
g 0 
g 0 
g 0 
g 0 
g 0 
g 0 
g 0 
g 0 
g 0 
g 0 
g 0 
g 0 
g 0 
g 0 
g 0 
g 0 
g 0 
g 0 
g 0 
g 0 
g 0 
g 0 
g 0 
g 0 
g 0 
g 0 
g 0 
g 0 
g 0 
g 0 
g 0 
g 0 
g 0 
g 0 
g 0 
g 0 
g 0 
g 0 
g 0 
g 0 
g 0 
g 0 
g 0 
g 0 
g 0 
g 0 
g 0 
g 0 
g 0 
g 0 
g 0 
g 0 
g 0 
g 0 
g 0 
g 0 
g 0 
g 0 
g 0 
g 0 
g 0 
g 0 
g 0 
g 0 
g 0 
g 0 
g 0 
g 0 
g 0 
g 0 
g 0 
g 0 
g 0 
g 0 
g 0 
g 0 
g 0 
g 0 
g 0 
g 0 
g 0 
g 0 
g 0 
g 0 
g 0 
g 0 
g 0 
g 0 
g 0 
g 0 
g 0 
g 0 
g 0 
g 0 
g 0 
g 0 
g 0 
g 0 
g 0 
g 0 
g 0 
g 0 
g 0 
g 0 
g 0 
g 0 
g 0 
g 0 
g 0 
g 0 
g 0 
g 0 
g 0 
g 0 
g 0 
g 0 
g 0 
g 0 
g 0 
g 0 
g 0 
g 0 
g 0 
g 0 
g 0 
g 0 
g 0 
g 0 
g 0 
g 0 
g 0 
g 0 
g 0 
g 0 
g 0 
g 0 
g 0 
g 0 
g 0 
g 0 
g 0 

g 0 
g 0 
g 0 
g 0 
g 0 
g 0 
g 0 
g 0 
g 0 
g 0 
g 0 
g 0 
g 0 
g 0 
g 0 
g 0 
g 0 
g 0 
g 0 
g 0 
g 0 
g 0 
g 0 
g 0 
g 0 
g 0 
g 0 
g 0 
g 0 
g 0 
g 0 
g 0 
g 0 
g 0 
g 0 
g 0 
g 0 
g 0 
g 0 
g 0 
g 0 
g 0 
g 0 
g 0 
g 0 
g 0 
g 0 
g 0 
g 0 
g 0 
g 0 
g 0 
g 0 
g 0 
g 0 
g 0 
g 0 
g 0 
g 0 
g 0 
g 0 
g 0 
g 0 
g 0 
g 0 
g 0 
g 0 
g 0 
g 0 
g 0 
g 0 
g 0 
g 0 
g 0 
g 0 
g 0 
g 0 
g 0 
g 0 
g 0 
g 0 
g 0 
g 0 
g 0 
g 0 
g 0 
g 0 
g 0 
g 0 
g 0 
g 0 
g 0 
g 0 
g 0 
g 0 
g 0 
g 0 
g 0 
g 0 
g 0 
g 0 
g 0 
g 0 
g 0 
g 0 
g 0 
g 0 
g 0 
g 0 
g 0 
g 0 
g 0 
g 0 
g 0 
g 0 
g 0 
g 0 
g 0 
g 0 
g 0 
g 0 
g 0 
g 0 
g 0 
g 0 
g 0 
g 0 
g 0 
g 0 
g 0 
g 0 
g 0 
g 0 
g 0 
g 0 
g 0 
g 0 
g 0 
g 0 
g 0 
g 0 
g 0 
g 0 
g 0 
g 0 
g 0 
g 0 
g 0 
g 0 
g 0 
g 0 
g 0 
g 0 
g 0 
g 0 
g 0 
g 0 
g 0 
g 0 
g 0 
g 0 

g 0 
g 0 
g 0 
g 0 
g 0 
g 0 
g 0 
g 0 
g 0 
g 0 
g 0 
g 0 
g 0 
g 0 
g 0 
g 0 
g 0 
g 0 
g 0 
g 0 
g 0 
g 0 
g 0 
g 0 
g 0 
g 0 
g 0 
g 0 
g 0 
g 0 
g 0 
g 0 
g 0 
g 0 
g 0 
g 0 
g 0 
g 0 
g 0 
g 0 
g 0 
g 0 
g 0 
g 0 
g 0 
g 0 
g 0 
g 0 
g 0 
g 0 
g 0 
g 0 
g 0 
g 0 
g 0 
g 0 
g 0 
g 0 
g 0 
g 0 
g 0 
g 0 
g 0 
g 0 
g 0 
g 0 
g 0 
g 0 
g 0 
g 0 
g 0 
g 0 
g 0 
g 0 
g 0 
g 0 
g 0 
g 0 
g 0 
g 0 
g 0 
g 0 
g 0 
g 0 
g 0 
g 0 
g 0 
g 0 
g 0 
g 0 
g 0 
g 0 
g 0 
g 0 
g 0 
g 0 
g 0 
g 0 
g 0 
g 0 
g 0 
g 0 
g 0 
g 0 
g 0 
g 0 
g 0 
g 0 
g 0 
g 0 
g 0 
g 0 
g 0 
g 0 
g 0 
g 0 
g 0 
g 0 
g 0 
g 0 
g 0 
g 0 
g 0 
g 0 
g 0 
g 0 
g 0 
g 0 
g 0 
g 0 
g 0 
g 0 
g 0 
g 0 
g 0 
g 0 
g 0 
g 0 
g 0 
g 0 
g 0 
g 0 
g 0 
g 0 
g 0 
g 0 
g 0 
g 0 
g 0 
g 0 
g 0 
g 0 
g 0 
g 0 
g 0 
g 0 
g 0 
g 0 
g 0 
g 0 
g 0 

g 0 
g 0 
g 0 
g 0 
g 0 
g 0 
g 0 
g 0 
g 0 
g 0 
g 0 
g 0 
g 0 
g 0 
g 0 
g 0 
g 0 
g 0 
g 0 
g 0 
g 0 
g 0 
g 0 
g 0 
g 0 
g 0 
g 0 
g 0 
g 0 
g 0 
g 0 
g 0 
g 0 
g 0 
g 0 
g 0 
g 0 
g 0 
g 0 
g 0 
g 0 
g 0 
g 0 
g 0 
g 0 
g 0 
g 0 
g 0 
g 0 
g 0 
g 0 
g 0 
g 0 
g 0 
g 0 
g 0 
g 0 
g 0 
g 0 
g 0 
g 0 
g 0 
g 0 
g 0 
g 0 
g 0 
g 0 
g 0 
g 0 
g 0 
g 0 
g 0 
g 0 
g 0 
g 0 
g 0 
g 0 
g 0 
g 0 
g 0 
g 0 
g 0 
g 0 
g 0 
g 0 
g 0 
g 0 
g 0 
g 0 
g 0 
g 0 
g 0 
g 0 
g 0 
g 0 
g 0 
g 0 
g 0 
g 0 
g 0 
g 0 
g 0 
g 0 
g 0 
g 0 
g 0 
g 0 
g 0 
g 0 
g 0 
g 0 
g 0 
g 0 
g 0 
g 0 
g 0 
g 0 
g 0 
g 0 
g 0 
g 0 
g 0 
g 0 
g 0 
g 0 
g 0 
g 0 
g 0 
g 0 
g 0 
g 0 
g 0 
g 0 
g 0 
g 0 
g 0 
g 0 
g 0 
g 0 
g 0 
g 0 
g 0 
g 0 
g 0 
g 0 
g 0 
g 0 
g 0 
g 0 
g 0 
g 0 
g 0 
g 0 
g 0 
g 0 
g 0 
g 0 
g 0 
g 0 
g 0 
g 0 

g 0 
g 0 
g 0 
g 0 
g 0 
g 0 
g 0 
g 0 
g 0 
g 0 
g 0 
g 0 
g 0 
g 0 
g 0 
g 0 
g 0 
g 0 
g 0 
g 0 
g 0 
g 0 
g 0 
g 0 
g 0 
g 0 
g 0 
g 0 
g 0 
g 0 
g 0 
g 0 
g 0 
g 0 
g 0 
g 0 
g 0 
g 0 
g 0 
g 0 
g 0 
g 0 
g 0 
g 0 
g 0 
g 0 
g 0 
g 0 
g 0 
g 0 
g 0 
g 0 
g 0 
g 0 
g 0 
g 0 
g 0 
g 0 
g 0 
g 0 
g 0 
g 0 
g 0 
g 0 
g 0 
g 0 
g 0 
g 0 
g 0 
g 0 
g 0 
g 0 
g 0 
g 0 
g 0 
g 0 
g 0 
g 0 
g 0 
g 0 
g 0 
g 0 
g 0 
g 0 
g 0 
g 0 
g 0 
g 0 
g 0 
g 0 
g 0 
g 0 
g 0 
g 0 
g 0 
g 0 
g 0 
g 0 
g 0 
g 0 
g 0 
g 0 
g 0 
g 0 
g 0 
g 0 
g 0 
g 0 
g 0 
g 0 
g 0 
g 0 
g 0 
g 0 
g 0 
g 0 
g 0 
g 0 
g 0 
g 0 
g 0 
g 0 
g 0 
g 0 
g 0 
g 0 
g 0 
g 0 
g 0 
g 0 
g 0 
g 0 
g 0 
g 0 
g 0 
g 0 
g 0 
g 0 
g 0 
g 0 
g 0 
g 0 
g 0 
g 0 
g 0 
g 0 
g 0 
g 0 
g 0 
g 0 
g 0 
g 0 
g 0 
g 0 
g 0 
g 0 
g 0 
g 0 
g 0 
g 0 
g 0 

g 0 
g 0 
g 0 
g 0 
g 0 
g 0 
g 0 
g 0 
g 0 
g 0 
g 0 
g 0 
g 0 
g 0 
g 0 
g 0 
g 0 
g 0 
g 0 
g 0 
g 0 
g 0 
g 0 
g 0 
g 0 
g 0 
g 0 
g 0 
g 0 
g 0 
g 0 
g 0 
g 0 
g 0 
g 0 
g 0 
g 0 
g 0 
g 0 
g 0 
g 0 
g 0 
g 0 
g 0 
g 0 
g 0 
g 0 
g 0 
g 0 
g 0 
g 0 
g 0 
g 0 
g 0 
g 0 
g 0 
g 0 
g 0 
g 0 
g 0 
g 0 
g 0 
g 0 
g 0 
g 0 
g 0 
g 0 
g 0 
g 0 
g 0 
g 0 
g 0 
g 0 
g 0 
g 0 
g 0 
g 0 
g 0 
g 0 
g 0 
g 0 
g 0 
g 0 
g 0 
g 0 
g 0 
g 0 
g 0 
g 0 
g 0 
g 0 
g 0 
g 0 
g 0 
g 0 
g 0 
g 0 
g 0 
g 0 
g 0 
g 0 
g 0 
g 0 
g 0 
g 0 
g 0 
g 0 
g 0 
g 0 
g 0 
g 0 
g 0 
g 0 
g 0 
g 0 
g 0 
g 0 
g 0 
g 0 
g 0 
g 0 
g 0 
g 0 
g 0 
g 0 
g 0 
g 0 
g 0 
g 0 
g 0 
g 0 
g 0 
g 0 
g 0 
g 0 
g 0 
g 0 
g 0 
g 0 
g 0 
g 0 
g 0 
g 0 
g 0 
g 0 
g 0 
g 0 
g 0 
g 0 
g 0 
g 0 
g 0 
g 0 
g 0 
g 0 
g 0 
g 0 
g 0 
g 0 
g 0 
g 0 

g 0 
g 0 
g 0 
g 0 
g 0 
g 0 
g 0 
g 0 
g 0 
g 0 
g 0 
g 0 
g 0 
g 0 
g 0 
g 0 
g 0 
g 0 
g 0 
g 0 
g 0 
g 0 
g 0 
g 0 
g 0 
g 0 
g 0 
g 0 
g 0 
g 0 
g 0 
g 0 
g 0 
g 0 
g 0 
g 0 
g 0 
g 0 
g 0 
g 0 
g 0 
g 0 
g 0 
g 0 
g 0 
g 0 
g 0 
g 0 
g 0 
g 0 
g 0 
g 0 
g 0 
g 0 
g 0 
g 0 
g 0 
g 0 
g 0 
g 0 
g 0 
g 0 
g 0 
g 0 
g 0 
g 0 
g 0 
g 0 
g 0 
g 0 
g 0 
g 0 
g 0 
g 0 
g 0 
g 0 
g 0 
g 0 
g 0 
g 0 
g 0 
g 0 
g 0 
g 0 
g 0 
g 0 
g 0 
g 0 
g 0 
g 0 
g 0 
g 0 
g 0 
g 0 
g 0 
g 0 
g 0 
g 0 
g 0 
g 0 
g 0 
g 0 
g 0 
g 0 
g 0 
g 0 
g 0 
g 0 
g 0 
g 0 
g 0 
g 0 
g 0 
g 0 
g 0 
g 0 
g 0 
g 0 
g 0 
g 0 
g 0 
g 0 
g 0 
g 0 
g 0 
g 0 
g 0 
g 0 
g 0 
g 0 
g 0 
g 0 
g 0 
g 0 
g 0 
g 0 
g 0 
g 0 
g 0 
g 0 
g 0 
g 0 
g 0 
g 0 
g 0 
g 0 
g 0 
g 0 
g 0 
g 0 
g 0 
g 0 
g 0 
g 0 
g 0 
g 0 
g 0 
g 0 
g 0 
g 0 
g 0 

g 0 
g 0 
g 0 
g 0 
g 0 
g 0 
g 0 
g 0 
g 0 
g 0 
g 0 
g 0 
g 0 
g 0 
g 0 
g 0 
g 0 
g 0 
g 0 
g 0 
g 0 
g 0 
g 0 
g 0 
g 0 
g 0 
g 0 
g 0 
g 0 
g 0 
g 0 
g 0 
g 0 
g 0 
g 0 
g 0 
g 0 
g 0 
g 0 
g 0 
g 0 
g 0 
g 0 
g 0 
g 0 
g 0 
g 0 
g 0 
g 0 
g 0 
g 0 
g 0 
g 0 
g 0 
g 0 
g 0 
g 0 
g 0 
g 0 
g 0 
g 0 
g 0 
g 0 
g 0 
g 0 
g 0 
g 0 
g 0 
g 0 
g 0 
g 0 
g 0 
g 0 
g 0 
g 0 
g 0 
g 0 
g 0 
g 0 
g 0 
g 0 
g 0 
g 0 
g 0 
g 0 
g 0 
g 0 
g 0 
g 0 
g 0 
g 0 
g 0 
g 0 
g 0 
g 0 
g 0 
g 0 
g 0 
g 0 
g 0 
g 0 
g 0 
g 0 
g 0 
g 0 
g 0 
g 0 
g 0 
g 0 
g 0 
g 0 
g 0 
g 0 
g 0 
g 0 
g 0 
g 0 
g 0 
g 0 
g 0 
g 0 
g 0 
g 0 
g 0 
g 0 
g 0 
g 0 
g 0 
g 0 
g 0 
g 0 
g 0 
g 0 
g 0 
g 0 
g 0 
g 0 
g 0 
g 0 
g 0 
g 0 
g 0 
g 0 
g 0 
g 0 
g 0 
g 0 
g 0 
g 0 
g 0 
g 0 
g 0 
g 0 
g 0 
g 0 
g 0 
g 0 
g 0 
g 0 
g 0 
g 0 

g 0 
g 0 
g 0 
g 0 
g 0 
g 0 
g 0 
g 0 
g 0 
g 0 
g 0 
g 0 
g 0 
g 0 
g 0 
g 0 
g 0 
g 0 
g 0 
g 0 
g 0 
g 0 
g 0 
g 0 
g 0 
g 0 
g 0 
g 0 
g 0 
g 0 
g 0 
g 0 
g 0 
g 0 
g 0 
g 0 
g 0 
g 0 
g 0 
g 0 
g 0 
g 0 
g 0 
g 0 
g 0 
g 0 
g 0 
g 0 
g 0 
g 0 
g 0 
g 0 
g 0 
g 0 
g 0 
g 0 
g 0 
g 0 
g 0 
g 0 
g 0 
g 0 
g 0 
g 0 
g 0 
g 0 
g 0 
g 0 
g 0 
g 0 
g 0 
g 0 
g 0 
g 0 
g 0 
g 0 
g 0 
g 0 
g 0 
g 0 
g 0 
g 0 
g 0 
g 0 
g 0 
g 0 
g 0 
g 0 
g 0 
g 0 
g 0 
g 0 
g 0 
g 0 
g 0 
g 0 
g 0 
g 0 
g 0 
g 0 
g 0 
g 0 
g 0 
g 0 
g 0 
g 0 
g 0 
g 0 
g 0 
g 0 
g 0 
g 0 
g 0 
g 0 
g 0 
g 0 
g 0 
g 0 
g 0 
g 0 
g 0 
g 0 
g 0 
g 0 
g 0 
g 0 
g 0 
g 0 
g 0 
g 0 
g 0 
g 0 
g 0 
g 0 
g 0 
g 0 
g 0 
g 0 
g 0 
g 0 
g 0 
g 0 
g 0 
g 0 
g 0 
g 0 
g 0 
g 0 
g 0 
g 0 
g 0 
g 0 
g 0 
g 0 
g 0 
g 0 
g 0 
g 0 
g 0 
g 0 
g 0 

g 0 
g 0 
g 0 
g 0 
g 0 
g 0 
g 0 
g 0 
g 0 
g 0 
g 0 
g 0 
g 0 
g 0 
g 0 
g 0 
g 0 
g 0 
g 0 
g 0 
g 0 
g 0 
g 0 
g 0 
g 0 
g 0 
g 0 
g 0 
g 0 
g 0 
g 0 
g 0 
g 0 
g 0 
g 0 
g 0 
g 0 
g 0 
g 0 
g 0 
g 0 
g 0 
g 0 
g 0 
g 0 
g 0 
g 0 
g 0 
g 0 
g 0 
g 0 
g 0 
g 0 
g 0 
g 0 
g 0 
g 0 
g 0 
g 0 
g 0 
g 0 
g 0 
g 0 
g 0 
g 0 
g 0 
g 0 
g 0 
g 0 
g 0 
g 0 
g 0 
g 0 
g 0 
g 0 
g 0 
g 0 
g 0 
g 0 
g 0 
g 0 
g 0 
g 0 
g 0 
g 0 
g 0 
g 0 
g 0 
g 0 
g 0 
g 0 
g 0 
g 0 
g 0 
g 0 
g 0 
g 0 
g 0 
g 0 
g 0 
g 0 
g 0 
g 0 
g 0 
g 0 
g 0 
g 0 
g 0 
g 0 
g 0 
g 0 
g 0 
g 0 
g 0 
g 0 
g 0 
g 0 
g 0 
g 0 
g 0 
g 0 
g 0 
g 0 
g 0 
g 0 
g 0 
g 0 
g 0 
g 0 
g 0 
g 0 
g 0 
g 0 
g 0 
g 0 
g 0 
g 0 
g 0 
g 0 
g 0 
g 0 
g 0 
g 0 
g 0 
g 0 
g 0 
g 0 
g 0 
g 0 
g 0 
g 0 
g 0 
g 0 
g 0 
g 0 
g 0 
g 0 
g 0 
g 0 
g 0 
g 0 

g 0 
g 0 
g 0 
g 0 
g 0 
g 0 
g 0 
g 0 
g 0 
g 0 
g 0 
g 0 
g 0 
g 0 
g 0 
g 0 
g 0 
g 0 
g 0 
g 0 
g 0 
g 0 
g 0 
g 0 
g 0 
g 0 
g 0 
g 0 
g 0 
g 0 
g 0 
g 0 
g 0 
g 0 
g 0 
g 0 
g 0 
g 0 
g 0 
g 0 
g 0 
g 0 
g 0 
g 0 
g 0 
g 0 
g 0 
g 0 
g 0 
g 0 
g 0 
g 0 
g 0 
g 0 
g 0 
g 0 
g 0 
g 0 
g 0 
g 0 
g 0 
g 0 
g 0 
g 0 
g 0 
g 0 
g 0 
g 0 
g 0 
g 0 
g 0 
g 0 
g 0 
g 0 
g 0 
g 0 
g 0 
g 0 
g 0 
g 0 
g 0 
g 0 
g 0 
g 0 
g 0 
g 0 
g 0 
g 0 
g 0 
g 0 
g 0 
g 0 
g 0 
g 0 
g 0 
g 0 
g 0 
g 0 
g 0 
g 0 
g 0 
g 0 
g 0 
g 0 
g 0 
g 0 
g 0 
g 0 
g 0 
g 0 
g 0 
g 0 
g 0 
g 0 
g 0 
g 0 
g 0 
g 0 
g 0 
g 0 
g 0 
g 0 
g 0 
g 0 
g 0 
g 0 
g 0 
g 0 
g 0 
g 0 
g 0 
g 0 
g 0 
g 0 
g 0 
g 0 
g 0 
g 0 
g 0 
g 0 
g 0 
g 0 
g 0 
g 0 
g 0 
g 0 
g 0 
g 0 
g 0 
g 0 
g 0 
g 0 
g 0 
g 0 
g 0 
g 0 
g 0 
g 0 
g 0 
g 0 
g 0 

g 0 
g 0 
g 0 
g 0 
g 0 
g 0 
g 0 
g 0 
g 0 
g 0 
g 0 
g 0 
g 0 
g 0 
g 0 
g 0 
g 0 
g 0 
g 0 
g 0 
g 0 
g 0 
g 0 
g 0 
g 0 
g 0 
g 0 
g 0 
g 0 
g 0 
g 0 
g 0 
g 0 
g 0 
g 0 
g 0 
g 0 
g 0 
g 0 
g 0 
g 0 
g 0 
g 0 
g 0 
g 0 
g 0 
g 0 
g 0 
g 0 
g 0 
g 0 
g 0 
g 0 
g 0 
g 0 
g 0 
g 0 
g 0 
g 0 
g 0 
g 0 
g 0 
g 0 
g 0 
g 0 
g 0 
g 0 
g 0 
g 0 
g 0 
g 0 
g 0 
g 0 
g 0 
g 0 
g 0 
g 0 
g 0 
g 0 
g 0 
g 0 
g 0 
g 0 
g 0 
g 0 
g 0 
g 0 
g 0 
g 0 
g 0 
g 0 
g 0 
g 0 
g 0 
g 0 
g 0 
g 0 
g 0 
g 0 
g 0 
g 0 
g 0 
g 0 
g 0 
g 0 
g 0 
g 0 
g 0 
g 0 
g 0 
g 0 
g 0 
g 0 
g 0 
g 0 
g 0 
g 0 
g 0 
g 0 
g 0 
g 0 
g 0 
g 0 
g 0 
g 0 
g 0 
g 0 
g 0 
g 0 
g 0 
g 0 
g 0 
g 0 
g 0 
g 0 
g 0 
g 0 
g 0 
g 0 
g 0 
g 0 
g 0 
g 0 
g 0 
g 0 
g 0 
g 0 
g 0 
g 0 
g 0 
g 0 
g 0 
g 0 
g 0 
g 0 
g 0 
g 0 
g 0 
g 0 
g 0 
g 0 

g 0 
g 0 
g 0 
g 0 
g 0 
g 0 
g 0 
g 0 
g 0 
g 0 
g 0 
g 0 
g 0 
g 0 
g 0 
g 0 
g 0 
g 0 
g 0 
g 0 
g 0 
g 0 
g 0 
g 0 
g 0 
g 0 
g 0 
g 0 
g 0 
g 0 
g 0 
g 0 
g 0 
g 0 
g 0 
g 0 
g 0 
g 0 
g 0 
g 0 
g 0 
g 0 
g 0 
g 0 
g 0 
g 0 
g 0 
g 0 
g 0 
g 0 
g 0 
g 0 
g 0 
g 0 
g 0 
g 0 
g 0 
g 0 
g 0 
g 0 
g 0 
g 0 
g 0 
g 0 
g 0 
g 0 
g 0 
g 0 
g 0 
g 0 
g 0 
g 0 
g 0 
g 0 
g 0 
g 0 
g 0 
g 0 
g 0 
g 0 
g 0 
g 0 
g 0 
g 0 
g 0 
g 0 
g 0 
g 0 
g 0 
g 0 
g 0 
g 0 
g 0 
g 0 
g 0 
g 0 
g 0 
g 0 
g 0 
g 0 
g 0 
g 0 
g 0 
g 0 
g 0 
g 0 
g 0 
g 0 
g 0 
g 0 
g 0 
g 0 
g 0 
g 0 
g 0 
g 0 
g 0 
g 0 
g 0 
g 0 
g 0 
g 0 
g 0 
g 0 
g 0 
g 0 
g 0 
g 0 
g 0 
g 0 
g 0 
g 0 
g 0 
g 0 
g 0 
g 0 
g 0 
g 0 
g 0 
g 0 
g 0 
g 0 
g 0 
g 0 
g 0 
g 0 
g 0 
g 0 
g 0 
g 0 
g 0 
g 0 
g 0 
g 0 
g 0 
g 0 
g 0 
g 0 
g 0 
g 0 
g 0 

g 0 
g 0 
g 0 
g 0 
g 0 
g 0 
g 0 
g 0 
g 0 
g 0 
g 0 
g 0 
g 0 
g 0 
g 0 
g 0 
g 0 
g 0 
g 0 
g 0 
g 0 
g 0 
g 0 
g 0 
g 0 
g 0 
g 0 
g 0 
g 0 
g 0 
g 0 
g 0 
g 0 
g 0 
g 0 
g 0 
g 0 
g 0 
g 0 
g 0 
g 0 
g 0 
g 0 
g 0 
g 0 
g 0 
g 0 
g 0 
g 0 
g 0 
g 0 
g 0 
g 0 
g 0 
g 0 
g 0 
g 0 
g 0 
g 0 
g 0 
g 0 
g 0 
g 0 
g 0 
g 0 
g 0 
g 0 
g 0 
g 0 
g 0 
g 0 
g 0 
g 0 
g 0 
g 0 
g 0 
g 0 
g 0 
g 0 
g 0 
g 0 
g 0 
g 0 
g 0 
g 0 
g 0 
g 0 
g 0 
g 0 
g 0 
g 0 
g 0 
g 0 
g 0 
g 0 
g 0 
g 0 
g 0 
g 0 
g 0 
g 0 
g 0 
g 0 
g 0 
g 0 
g 0 
g 0 
g 0 
g 0 
g 0 
g 0 
g 0 
g 0 
g 0 
g 0 
g 0 
g 0 
g 0 
g 0 
g 0 
g 0 
g 0 
g 0 
g 0 
g 0 
g 0 
g 0 
g 0 
g 0 
g 0 
g 0 
g 0 
g 0 
g 0 
g 0 
g 0 
g 0 
g 0 
g 0 
g 0 
g 0 
g 0 
g 0 
g 0 
g 0 
g 0 
g 0 
g 0 
g 0 
g 0 
g 0 
g 0 
g 0 
g 0 
g 0 
g 0 
g 0 
g 0 
g 0 
g 0 
g 0 

g 0 
g 0 
g 0 
g 0 
g 0 
g 0 
g 0 
g 0 
g 0 
g 0 
g 0 
g 0 
g 0 
g 0 
g 0 
g 0 
g 0 
g 0 
g 0 
g 0 
g 0 
g 0 
g 0 
g 0 
g 0 
g 0 
g 0 
g 0 
g 0 
g 0 
g 0 
g 0 
g 0 
g 0 
g 0 
g 0 
g 0 
g 0 
g 0 
g 0 
g 0 
g 0 
g 0 
g 0 
g 0 
g 0 
g 0 
g 0 
g 0 
g 0 
g 0 
g 0 
g 0 
g 0 
g 0 
g 0 
g 0 
g 0 
g 0 
g 0 
g 0 
g 0 
g 0 
g 0 
g 0 
g 0 
g 0 
g 0 
g 0 
g 0 
g 0 
g 0 
g 0 
g 0 
g 0 
g 0 
g 0 
g 0 
g 0 
g 0 
g 0 
g 0 
g 0 
g 0 
g 0 
g 0 
g 0 
g 0 
g 0 
g 0 
g 0 
g 0 
g 0 
g 0 
g 0 
g 0 
g 0 
g 0 
g 0 
g 0 
g 0 
g 0 
g 0 
g 0 
g 0 
g 0 
g 0 
g 0 
g 0 
g 0 
g 0 
g 0 
g 0 
g 0 
g 0 
g 0 
g 0 
g 0 
g 0 
g 0 
g 0 
g 0 
g 0 
g 0 
g 0 
g 0 
g 0 
g 0 
g 0 
g 0 
g 0 
g 0 
g 0 
g 0 
g 0 
g 0 
g 0 
g 0 
g 0 
g 0 
g 0 
g 0 
g 0 
g 0 
g 0 
g 0 
g 0 
g 0 
g 0 
g 0 
g 0 
g 0 
g 0 
g 0 
g 0 
g 0 
g 0 
g 0 
g 0 
g 0 
g 0 

g 0 
g 0 
g 0 
g 0 
g 0 
g 0 
g 0 
g 0 
g 0 
g 0 
g 0 
g 0 
g 0 
g 0 
g 0 
g 0 
g 0 
g 0 
g 0 
g 0 
g 0 
g 0 
g 0 
g 0 
g 0 
g 0 
g 0 
g 0 
g 0 
g 0 
g 0 
g 0 
g 0 
g 0 
g 0 
g 0 
g 0 
g 0 
g 0 
g 0 
g 0 
g 0 
g 0 
g 0 
g 0 
g 0 
g 0 
g 0 
g 0 
g 0 
g 0 
g 0 
g 0 
g 0 
g 0 
g 0 
g 0 
g 0 
g 0 
g 0 
g 0 
g 0 
g 0 
g 0 
g 0 
g 0 
g 0 
g 0 
g 0 
g 0 
g 0 
g 0 
g 0 
g 0 
g 0 
g 0 
g 0 
g 0 
g 0 
g 0 
g 0 
g 0 
g 0 
g 0 
g 0 
g 0 
g 0 
g 0 
g 0 
g 0 
g 0 
g 0 
g 0 
g 0 
g 0 
g 0 
g 0 
g 0 
g 0 
g 0 
g 0 
g 0 
g 0 
g 0 
g 0 
g 0 
g 0 
g 0 
g 0 
g 0 
g 0 
g 0 
g 0 
g 0 
g 0 
g 0 
g 0 
g 0 
g 0 
g 0 
g 0 
g 0 
g 0 
g 0 
g 0 
g 0 
g 0 
g 0 
g 0 
g 0 
g 0 
g 0 
g 0 
g 0 
g 0 
g 0 
g 0 
g 0 
g 0 
g 0 
g 0 
g 0 
g 0 
g 0 
g 0 
g 0 
g 0 
g 0 
g 0 
g 0 
g 0 
g 0 
g 0 
g 0 
g 0 
g 0 
g 0 
g 0 
g 0 
g 0 
g 0 

g 0 
g 0 
g 0 
g 0 
g 0 
g 0 
g 0 
g 0 
g 0 
g 0 
g 0 
g 0 
g 0 
g 0 
g 0 
g 0 
g 0 
g 0 
g 0 
g 0 
g 0 
g 0 
g 0 
g 0 
g 0 
g 0 
g 0 
g 0 
g 0 
g 0 
g 0 
g 0 
g 0 
g 0 
g 0 
g 0 
g 0 
g 0 
g 0 
g 0 
g 0 
g 0 
g 0 
g 0 
g 0 
g 0 
g 0 
g 0 
g 0 
g 0 
g 0 
g 0 
g 0 
g 0 
g 0 
g 0 
g 0 
g 0 
g 0 
g 0 
g 0 
g 0 
g 0 
g 0 
g 0 
g 0 
g 0 
g 0 
g 0 
g 0 
g 0 
g 0 
g 0 
g 0 
g 0 
g 0 
g 0 
g 0 
g 0 
g 0 
g 0 
g 0 
g 0 
g 0 
g 0 
g 0 
g 0 
g 0 
g 0 
g 0 
g 0 
g 0 
g 0 
g 0 
g 0 
g 0 
g 0 
g 0 
g 0 
g 0 
g 0 
g 0 
g 0 
g 0 
g 0 
g 0 
g 0 
g 0 
g 0 
g 0 
g 0 
g 0 
g 0 
g 0 
g 0 
g 0 
g 0 
g 0 
g 0 
g 0 
g 0 
g 0 
g 0 
g 0 
g 0 
g 0 
g 0 
g 0 
g 0 
g 0 
g 0 
g 0 
g 0 
g 0 
g 0 
g 0 
g 0 
g 0 
g 0 
g 0 
g 0 
g 0 
g 0 
g 0 
g 0 
g 0 
g 0 
g 0 
g 0 
g 0 
g 0 
g 0 
g 0 
g 0 
g 0 
g 0 
g 0 
g 0 
g 0 
g 0 
g 0 

g 0 
g 0 
g 0 
g 0 
g 0 
g 0 
g 0 
g 0 
g 0 
g 0 
g 0 
g 0 
g 0 
g 0 
g 0 
g 0 
g 0 
g 0 
g 0 
g 0 
g 0 
g 0 
g 0 
g 0 
g 0 
g 0 
g 0 
g 0 
g 0 
g 0 
g 0 
g 0 
g 0 
g 0 
g 0 
g 0 
g 0 
g 0 
g 0 
g 0 
g 0 
g 0 
g 0 
g 0 
g 0 
g 0 
g 0 
g 0 
g 0 
g 0 
g 0 
g 0 
g 0 
g 0 
g 0 
g 0 
g 0 
g 0 
g 0 
g 0 
g 0 
g 0 
g 0 
g 0 
g 0 
g 0 
g 0 
g 0 
g 0 
g 0 
g 0 
g 0 
g 0 
g 0 
g 0 
g 0 
g 0 
g 0 
g 0 
g 0 
g 0 
g 0 
g 0 
g 0 
g 0 
g 0 
g 0 
g 0 
g 0 
g 0 
g 0 
g 0 
g 0 
g 0 
g 0 
g 0 
g 0 
g 0 
g 0 
g 0 
g 0 
g 0 
g 0 
g 0 
g 0 
g 0 
g 0 
g 0 
g 0 
g 0 
g 0 
g 0 
g 0 
g 0 
g 0 
g 0 
g 0 
g 0 
g 0 
g 0 
g 0 
g 0 
g 0 
g 0 
g 0 
g 0 
g 0 
g 0 
g 0 
g 0 
g 0 
g 0 
g 0 
g 0 
g 0 
g 0 
g 0 
g 0 
g 0 
g 0 
g 0 
g 0 
g 0 
g 0 
g 0 
g 0 
g 0 
g 0 
g 0 
g 0 
g 0 
g 0 
g 0 
g 0 
g 0 
g 0 
g 0 
g 0 
g 0 
g 0 
g 0 

g 0 
g 0 
g 0 
g 0 
g 0 
g 0 
g 0 
g 0 
g 0 
g 0 
g 0 
g 0 
g 0 
g 0 
g 0 
g 0 
g 0 
g 0 
g 0 
g 0 
g 0 
g 0 
g 0 
g 0 
g 0 
g 0 
g 0 
g 0 
g 0 
g 0 
g 0 
g 0 
g 0 
g 0 
g 0 
g 0 
g 0 
g 0 
g 0 
g 0 
g 0 
g 0 
g 0 
g 0 
g 0 
g 0 
g 0 
g 0 
g 0 
g 0 
g 0 
g 0 
g 0 
g 0 
g 0 
g 0 
g 0 
g 0 
g 0 
g 0 
g 0 
g 0 
g 0 
g 0 
g 0 
g 0 
g 0 
g 0 
g 0 
g 0 
g 0 
g 0 
g 0 
g 0 
g 0 
g 0 
g 0 
g 0 
g 0 
g 0 
g 0 
g 0 
g 0 
g 0 
g 0 
g 0 
g 0 
g 0 
g 0 
g 0 
g 0 
g 0 
g 0 
g 0 
g 0 
g 0 
g 0 
g 0 
g 0 
g 0 
g 0 
g 0 
g 0 
g 0 
g 0 
g 0 
g 0 
g 0 
g 0 
g 0 
g 0 
g 0 
g 0 
g 0 
g 0 
g 0 
g 0 
g 0 
g 0 
g 0 
g 0 
g 0 
g 0 
g 0 
g 0 
g 0 
g 0 
g 0 
g 0 
g 0 
g 0 
g 0 
g 0 
g 0 
g 0 
g 0 
g 0 
g 0 
g 0 
g 0 
g 0 
g 0 
g 0 
g 0 
g 0 
g 0 
g 0 
g 0 
g 0 
g 0 
g 0 
g 0 
g 0 
g 0 
g 0 
g 0 
g 0 
g 0 
g 0 
g 0 
g 0 

g 0 
g 0 
g 0 
g 0 
g 0 
g 0 
g 0 
g 0 
g 0 
g 0 
g 0 
g 0 
g 0 
g 0 
g 0 
g 0 
g 0 
g 0 
g 0 
g 0 
g 0 
g 0 
g 0 
g 0 
g 0 
g 0 
g 0 
g 0 
g 0 
g 0 
g 0 
g 0 
g 0 
g 0 
g 0 
g 0 
g 0 
g 0 
g 0 
g 0 
g 0 
g 0 
g 0 
g 0 
g 0 
g 0 
g 0 
g 0 
g 0 
g 0 
g 0 
g 0 
g 0 
g 0 
g 0 
g 0 
g 0 
g 0 
g 0 
g 0 
g 0 
g 0 
g 0 
g 0 
g 0 
g 0 
g 0 
g 0 
g 0 
g 0 
g 0 
g 0 
g 0 
g 0 
g 0 
g 0 
g 0 
g 0 
g 0 
g 0 
g 0 
g 0 
g 0 
g 0 
g 0 
g 0 
g 0 
g 0 
g 0 
g 0 
g 0 
g 0 
g 0 
g 0 
g 0 
g 0 
g 0 
g 0 
g 0 
g 0 
g 0 
g 0 
g 0 
g 0 
g 0 
g 0 
g 0 
g 0 
g 0 
g 0 
g 0 
g 0 
g 0 
g 0 
g 0 
g 0 
g 0 
g 0 
g 0 
g 0 
g 0 
g 0 
g 0 
g 0 
g 0 
g 0 
g 0 
g 0 
g 0 
g 0 
g 0 
g 0 
g 0 
g 0 
g 0 
g 0 
g 0 
g 0 
g 0 
g 0 
g 0 
g 0 
g 0 
g 0 
g 0 
g 0 
g 0 
g 0 
g 0 
g 0 
g 0 
g 0 
g 0 
g 0 
g 0 
g 0 
g 0 
g 0 
g 0 
g 0 
g 0 

g 0 
g 0 
g 0 
g 0 
g 0 
g 0 
g 0 
g 0 
g 0 
g 0 
g 0 
g 0 
g 0 
g 0 
g 0 
g 0 
g 0 
g 0 
g 0 
g 0 
g 0 
g 0 
g 0 
g 0 
g 0 
g 0 
g 0 
g 0 
g 0 
g 0 
g 0 
g 0 
g 0 
g 0 
g 0 
g 0 
g 0 
g 0 
g 0 
g 0 
g 0 
g 0 
g 0 
g 0 
g 0 
g 0 
g 0 
g 0 
g 0 
g 0 
g 0 
g 0 
g 0 
g 0 
g 0 
g 0 
g 0 
g 0 
g 0 
g 0 
g 0 
g 0 
g 0 
g 0 
g 0 
g 0 
g 0 
g 0 
g 0 
g 0 
g 0 
g 0 
g 0 
g 0 
g 0 
g 0 
g 0 
g 0 
g 0 
g 0 
g 0 
g 0 
g 0 
g 0 
g 0 
g 0 
g 0 
g 0 
g 0 
g 0 
g 0 
g 0 
g 0 
g 0 
g 0 
g 0 
g 0 
g 0 
g 0 
g 0 
g 0 
g 0 
g 0 
g 0 
g 0 
g 0 
g 0 
g 0 
g 0 
g 0 
g 0 
g 0 
g 0 
g 0 
g 0 
g 0 
g 0 
g 0 
g 0 
g 0 
g 0 
g 0 
g 0 
g 0 
g 0 
g 0 
g 0 
g 0 
g 0 
g 0 
g 0 
g 0 
g 0 
g 0 
g 0 
g 0 
g 0 
g 0 
g 0 
g 0 
g 0 
g 0 
g 0 
g 0 
g 0 
g 0 
g 0 
g 0 
g 0 
g 0 
g 0 
g 0 
g 0 
g 0 
g 0 
g 0 
g 0 
g 0 
g 0 
g 0 
g 0 

g 0 
g 0 
g 0 
g 0 
g 0 
g 0 
g 0 
g 0 
g 0 
g 0 
g 0 
g 0 
g 0 
g 0 
g 0 
g 0 
g 0 
g 0 
g 0 
g 0 
g 0 
g 0 
g 0 
g 0 
g 0 
g 0 
g 0 
g 0 
g 0 
g 0 
g 0 
g 0 
g 0 
g 0 
g 0 
g 0 
g 0 
g 0 
g 0 
g 0 
g 0 
g 0 
g 0 
g 0 
g 0 
g 0 
g 0 
g 0 
g 0 
g 0 
g 0 
g 0 
g 0 
g 0 
g 0 
g 0 
g 0 
g 0 
g 0 
g 0 
g 0 
g 0 
g 0 
g 0 
g 0 
g 0 
g 0 
g 0 
g 0 
g 0 
g 0 
g 0 
g 0 
g 0 
g 0 
g 0 
g 0 
g 0 
g 0 
g 0 
g 0 
g 0 
g 0 
g 0 
g 0 
g 0 
g 0 
g 0 
g 0 
g 0 
g 0 
g 0 
g 0 
g 0 
g 0 
g 0 
g 0 
g 0 
g 0 
g 0 
g 0 
g 0 
g 0 
g 0 
g 0 
g 0 
g 0 
g 0 
g 0 
g 0 
g 0 
g 0 
g 0 
g 0 
g 0 
g 0 
g 0 
g 0 
g 0 
g 0 
g 0 
g 0 
g 0 
g 0 
g 0 
g 0 
g 0 
g 0 
g 0 
g 0 
g 0 
g 0 
g 0 
g 0 
g 0 
g 0 
g 0 
g 0 
g 0 
g 0 
g 0 
g 0 
g 0 
g 0 
g 0 
g 0 
g 0 
g 0 
g 0 
g 0 
g 0 
g 0 
g 0 
g 0 
g 0 
g 0 
g 0 
g 0 
g 0 
g 0 
g 0 

g 0 
g 0 
g 0 
g 0 
g 0 
g 0 
g 0 
g 0 
g 0 
g 0 
g 0 
g 0 
g 0 
g 0 
g 0 
g 0 
g 0 
g 0 
g 0 
g 0 
g 0 
g 0 
g 0 
g 0 
g 0 
g 0 
g 0 
g 0 
g 0 
g 0 
g 0 
g 0 
g 0 
g 0 
g 0 
g 0 
g 0 
g 0 
g 0 
g 0 
g 0 
g 0 
g 0 
g 0 
g 0 
g 0 
g 0 
g 0 
g 0 
g 0 
g 0 
g 0 
g 0 
g 0 
g 0 
g 0 
g 0 
g 0 
g 0 
g 0 
g 0 
g 0 
g 0 
g 0 
g 0 
g 0 
g 0 
g 0 
g 0 
g 0 
g 0 
g 0 
g 0 
g 0 
g 0 
g 0 
g 0 
g 0 
g 0 
g 0 
g 0 
g 0 
g 0 
g 0 
g 0 
g 0 
g 0 
g 0 
g 0 
g 0 
g 0 
g 0 
g 0 
g 0 
g 0 
g 0 
g 0 
g 0 
g 0 
g 0 
g 0 
g 0 
g 0 
g 0 
g 0 
g 0 
g 0 
g 0 
g 0 
g 0 
g 0 
g 0 
g 0 
g 0 
g 0 
g 0 
g 0 
g 0 
g 0 
g 0 
g 0 
g 0 
g 0 
g 0 
g 0 
g 0 
g 0 
g 0 
g 0 
g 0 
g 0 
g 0 
g 0 
g 0 
g 0 
g 0 
g 0 
g 0 
g 0 
g 0 
g 0 
g 0 
g 0 
g 0 
g 0 
g 0 
g 0 
g 0 
g 0 
g 0 
g 0 
g 0 
g 0 
g 0 
g 0 
g 0 
g 0 
g 0 
g 0 
g 0 
g 0 

g 0 
g 0 
g 0 
g 0 
g 0 
g 0 
g 0 
g 0 
g 0 
g 0 
g 0 
g 0 
g 0 
g 0 
g 0 
g 0 
g 0 
g 0 
g 0 
g 0 
g 0 
g 0 
g 0 
g 0 
g 0 
g 0 
g 0 
g 0 
g 0 
g 0 
g 0 
g 0 
g 0 
g 0 
g 0 
g 0 
g 0 
g 0 
g 0 
g 0 
g 0 
g 0 
g 0 
g 0 
g 0 
g 0 
g 0 
g 0 
g 0 
g 0 
g 0 
g 0 
g 0 
g 0 
g 0 
g 0 
g 0 
g 0 
g 0 
g 0 
g 0 
g 0 
g 0 
g 0 
g 0 
g 0 
g 0 
g 0 
g 0 
g 0 
g 0 
g 0 
g 0 
g 0 
g 0 
g 0 
g 0 
g 0 
g 0 
g 0 
g 0 
g 0 
g 0 
g 0 
g 0 
g 0 
g 0 
g 0 
g 0 
g 0 
g 0 
g 0 
g 0 
g 0 
g 0 
g 0 
g 0 
g 0 
g 0 
g 0 
g 0 
g 0 
g 0 
g 0 
g 0 
g 0 
g 0 
g 0 
g 0 
g 0 
g 0 
g 0 
g 0 
g 0 
g 0 
g 0 
g 0 
g 0 
g 0 
g 0 
g 0 
g 0 
g 0 
g 0 
g 0 
g 0 
g 0 
g 0 
g 0 
g 0 
g 0 
g 0 
g 0 
g 0 
g 0 
g 0 
g 0 
g 0 
g 0 
g 0 
g 0 
g 0 
g 0 
g 0 
g 0 
g 0 
g 0 
g 0 
g 0 
g 0 
g 0 
g 0 
g 0 
g 0 
g 0 
g 0 
g 0 
g 0 
g 0 
g 0 
g 0 

g 0 
g 0 
g 0 
g 0 
g 0 
g 0 
g 0 
g 0 
g 0 
g 0 
g 0 
g 0 
g 0 
g 0 
g 0 
g 0 
g 0 
g 0 
g 0 
g 0 
g 0 
g 0 
g 0 
g 0 
g 0 
g 0 
g 0 
g 0 
g 0 
g 0 
g 0 
g 0 
g 0 
g 0 
g 0 
g 0 
g 0 
g 0 
g 0 
g 0 
g 0 
g 0 
g 0 
g 0 
g 0 
g 0 
g 0 
g 0 
g 0 
g 0 
g 0 
g 0 
g 0 
g 0 
g 0 
g 0 
g 0 
g 0 
g 0 
g 0 
g 0 
g 0 
g 0 
g 0 
g 0 
g 0 
g 0 
g 0 
g 0 
g 0 
g 0 
g 0 
g 0 
g 0 
g 0 
g 0 
g 0 
g 0 
g 0 
g 0 
g 0 
g 0 
g 0 
g 0 
g 0 
g 0 
g 0 
g 0 
g 0 
g 0 
g 0 
g 0 
g 0 
g 0 
g 0 
g 0 
g 0 
g 0 
g 0 
g 0 
g 0 
g 0 
g 0 
g 0 
g 0 
g 0 
g 0 
g 0 
g 0 
g 0 
g 0 
g 0 
g 0 
g 0 
g 0 
g 0 
g 0 
g 0 
g 0 
g 0 
g 0 
g 0 
g 0 
g 0 
g 0 
g 0 
g 0 
g 0 
g 0 
g 0 
g 0 
g 0 
g 0 
g 0 
g 0 
g 0 
g 0 
g 0 
g 0 
g 0 
g 0 
g 0 
g 0 
g 0 
g 0 
g 0 
g 0 
g 0 
g 0 
g 0 
g 0 
g 0 
g 0 
g 0 
g 0 
g 0 
g 0 
g 0 
g 0 
g 0 
g 0 

g 0 
g 0 
g 0 
g 0 
g 0 
g 0 
g 0 
g 0 
g 0 
g 0 
g 0 
g 0 
g 0 
g 0 
g 0 
g 0 
g 0 
g 0 
g 0 
g 0 
g 0 
g 0 
g 0 
g 0 
g 0 
g 0 
g 0 
g 0 
g 0 
g 0 
g 0 
g 0 
g 0 
g 0 
g 0 
g 0 
g 0 
g 0 
g 0 
g 0 
g 0 
g 0 
g 0 
g 0 
g 0 
g 0 
g 0 
g 0 
g 0 
g 0 
g 0 
g 0 
g 0 
g 0 
g 0 
g 0 
g 0 
g 0 
g 0 
g 0 
g 0 
g 0 
g 0 
g 0 
g 0 
g 0 
g 0 
g 0 
g 0 
g 0 
g 0 
g 0 
g 0 
g 0 
g 0 
g 0 
g 0 
g 0 
g 0 
g 0 
g 0 
g 0 
g 0 
g 0 
g 0 
g 0 
g 0 
g 0 
g 0 
g 0 
g 0 
g 0 
g 0 
g 0 
g 0 
g 0 
g 0 
g 0 
g 0 
g 0 
g 0 
g 0 
g 0 
g 0 
g 0 
g 0 
g 0 
g 0 
g 0 
g 0 
g 0 
g 0 
g 0 
g 0 
g 0 
g 0 
g 0 
g 0 
g 0 
g 0 
g 0 
g 0 
g 0 
g 0 
g 0 
g 0 
g 0 
g 0 
g 0 
g 0 
g 0 
g 0 
g 0 
g 0 
g 0 
g 0 
g 0 
g 0 
g 0 
g 0 
g 0 
g 0 
g 0 
g 0 
g 0 
g 0 
g 0 
g 0 
g 0 
g 0 
g 0 
g 0 
g 0 
g 0 
g 0 
g 0 
g 0 
g 0 
g 0 
g 0 
g 0 

